# capture start 2026-09-17T16:32:03-0400 port=/dev/ttyUSB0 baud=115200 duration=180s
[   1.001] [PERF] emu=12212us scale=1528us push=12428us qstall=7041us qovf=3948049 apu=1189us await=3033us aunder=0 aover=0 fps=60 split=c0
[   2.002] [PERF] emu=12234us scale=1537us push=12431us qstall=7052us qovf=4021555 apu=1183us await=3006us aunder=0 aover=0 fps=60 split=c0
[   3.004] [PERF] emu=12211us scale=1533us push=12418us qstall=7034us qovf=4095048 apu=1191us await=3024us aunder=0 aover=0 fps=60 split=c0
[   4.005] [PERF] emu=12205us scale=1524us push=12418us qstall=7034us qovf=4168556 apu=1180us await=3043us aunder=0 aover=0 fps=60 split=c0
[   5.207] [PERF] emu=12190us scale=1534us push=12405us qstall=7022us qovf=4242091 apu=1191us await=3039us aunder=0 aover=0 fps=60 split=c0
[   6.208] [PERF] emu=12213us scale=1546us push=12413us qstall=7044us qovf=4315614 apu=1188us await=3027us aunder=0 aover=0 fps=60 split=c0
[   7.209] [PERF] emu=12207us scale=1533us push=12411us qstall=7034us qovf=4389134 apu=1183us await=3020us aunder=0 aover=0 fps=60 split=c0
[   8.210] [PERF] emu=12196us scale=1527us push=12417us qstall=7022us qovf=4462629 apu=1178us await=3053us aunder=0 aover=0 fps=60 split=c0
[   9.212] [PERF] emu=12211us scale=1523us push=12413us qstall=7037us qovf=4536130 apu=1182us await=3022us aunder=0 aover=0 fps=60 split=c0
[  10.213] [PERF] emu=12202us scale=1535us push=12416us qstall=7038us qovf=4609655 apu=1176us await=3050us aunder=0 aover=0 fps=60 split=c0
[  11.215] [PERF] emu=12216us scale=1526us push=12436us qstall=7045us qovf=4683187 apu=1192us await=3018us aunder=0 aover=0 fps=60 split=c0
[  12.216] [PERF] emu=12193us scale=1531us push=12412us qstall=7025us qovf=4756710 apu=1185us await=3049us aunder=0 aover=0 fps=60 split=c0
[  13.218] [PERF] emu=12197us scale=1519us push=12424us qstall=7027us qovf=4830229 apu=1206us await=3024us aunder=0 aover=0 fps=60 split=c0
[  14.219] [PERF] emu=12209us scale=1534us push=12430us qstall=7044us qovf=4903739 apu=1183us await=3020us aunder=0 aover=0 fps=60 split=c0
[  15.220] [PERF] emu=12212us scale=1538us push=12424us qstall=7038us qovf=4977246 apu=1186us await=3033us aunder=0 aover=0 fps=60 split=c0
[  16.221] [PERF] emu=9326us scale=1524us push=4347us qstall=20us qovf=5039748 apu=89us await=7061us aunder=0 aover=0 fps=60 split=c0
[  17.223] [PERF] emu=13348us scale=1530us push=10669us qstall=4941us qovf=5077081 apu=1199us await=1820us aunder=0 aover=0 fps=60 split=c0
[  18.224] [PERF] emu=13438us scale=1525us push=10593us qstall=4865us qovf=5127243 apu=966us await=1985us aunder=0 aover=0 fps=60 split=c0
[  19.225] [PERF] emu=13681us scale=1525us push=9439us qstall=3666us qovf=5168711 apu=98us await=2598us aunder=0 aover=0 fps=60 split=c0
[  20.227] [PERF] emu=13592us scale=1531us push=10212us qstall=4481us qovf=5206137 apu=1324us await=1466us aunder=0 aover=0 fps=60 split=c0
[  21.228] [PERF] emu=13602us scale=1535us push=9030us qstall=3323us qovf=5250448 apu=1223us await=1546us aunder=0 aover=0 fps=60 split=c0
[  22.229] [PERF] emu=13587us scale=1530us push=9788us qstall=4040us qovf=5282501 apu=1543us await=1249us aunder=0 aover=0 fps=60 split=c0
[  23.231] [PERF] emu=13488us scale=1533us push=10344us qstall=4609us qovf=5319752 apu=1180us await=1714us aunder=0 aover=0 fps=60 split=c0
[  24.232] [PERF] emu=13421us scale=1526us push=10571us qstall=4820us qovf=5368447 apu=1200us await=1744us aunder=0 aover=0 fps=60 split=c0
[  25.233] [PERF] emu=13944us scale=1526us push=8711us qstall=3050us qovf=5410459 apu=1217us await=1208us aunder=0 aover=0 fps=60 split=c0
[  26.235] [PERF] emu=13632us scale=1537us push=9490us qstall=3723us qovf=5445831 apu=1218us await=1520us aunder=0 aover=0 fps=60 split=c0
[  27.236] [PERF] emu=13362us scale=1530us push=10609us qstall=4883us qovf=5488988 apu=99us await=2921us aunder=0 aover=0 fps=60 split=c0
[  28.237] [PERF] emu=13411us scale=1532us push=10568us qstall=4827us qovf=5536603 apu=838us await=2138us aunder=0 aover=0 fps=60 split=c0
[  29.238] [PERF] emu=13522us scale=1529us push=10144us qstall=4425us qovf=5583538 apu=967us await=1896us aunder=0 aover=0 fps=60 split=c0
[  30.240] [PERF] emu=13530us scale=1523us push=10175us qstall=4441us qovf=5627913 apu=833us await=2024us aunder=0 aover=0 fps=60 split=c0
[  31.241] [PERF] emu=13378us scale=1526us push=10422us qstall=4695us qovf=5677409 apu=98us await=2897us aunder=0 aover=0 fps=60 split=c0
[  32.242] [PERF] emu=13373us scale=1521us push=10578us qstall=4864us qovf=5727490 apu=957us await=2060us aunder=0 aover=0 fps=60 split=c0
[  33.244] [PERF] emu=13612us scale=1531us push=9419us qstall=3697us qovf=5769025 apu=1198us await=1538us aunder=0 aover=0 fps=60 split=c0
[  34.245] [PERF] emu=13891us scale=1528us push=8246us qstall=2606us qovf=5799717 apu=1220us await=1248us aunder=0 aover=0 fps=60 split=c0
[  35.246] [PERF] emu=13951us scale=1531us push=8162us qstall=2805us qovf=5820016 apu=509us await=1899us aunder=0 aover=0 fps=60 split=c0
[  36.247] [PERF] emu=13694us scale=1538us push=9014us qstall=3273us qovf=5849567 apu=823us await=1854us aunder=0 aover=0 fps=60 split=c0
[  37.249] [PERF] emu=13680us scale=1524us push=8502us qstall=2835us qovf=5882935 apu=831us await=1865us aunder=0 aover=0 fps=60 split=c0
[  38.250] [PERF] emu=13529us scale=1526us push=9756us qstall=3994us qovf=5912246 apu=510us await=2336us aunder=0 aover=0 fps=60 split=c0
[  39.251] [PERF] emu=13669us scale=1525us push=9489us qstall=3714us qovf=5946555 apu=98us await=2597us aunder=0 aover=0 fps=60 split=c0
[  40.252] [PERF] emu=13567us scale=1534us push=8808us qstall=3151us qovf=5988776 apu=1219us await=1591us aunder=0 aover=0 fps=60 split=c0
[  41.254] [PERF] emu=13477us scale=1533us push=10030us qstall=4260us qovf=6032413 apu=965us await=1946us aunder=0 aover=0 fps=60 split=c0
[  42.255] [PERF] emu=13547us scale=1531us push=9434us qstall=3689us qovf=6073282 apu=966us await=1865us aunder=0 aover=0 fps=60 split=c0
[  43.256] [PERF] emu=13976us scale=1518us push=8384us qstall=2966us qovf=6102799 apu=98us await=2272us aunder=0 aover=0 fps=60 split=c0
[  44.258] [PERF] emu=13672us scale=1542us push=9666us qstall=3940us qovf=6133774 apu=970us await=1744us aunder=0 aover=0 fps=60 split=c0
[  45.259] [PERF] emu=13450us scale=1534us push=10312us qstall=4647us qovf=6178275 apu=840us await=2082us aunder=0 aover=0 fps=60 split=c0
[  46.260] [PERF] emu=13436us scale=1529us push=10285us qstall=4574us qovf=6224924 apu=970us await=1982us aunder=0 aover=0 fps=60 split=c0
[  47.262] [PERF] emu=13452us scale=1521us push=10195us qstall=4511us qovf=6272106 apu=98us await=2835us aunder=0 aover=0 fps=60 split=c0
[  48.263] [PERF] emu=13570us scale=1522us push=9825us qstall=4188us qovf=6317643 apu=1227us await=1591us aunder=0 aover=0 fps=60 split=c0
[  49.265] [PERF] emu=13542us scale=1525us push=10049us qstall=4369us qovf=6361275 apu=969us await=1876us aunder=0 aover=0 fps=60 split=c0
[  50.266] [PERF] emu=13660us scale=1533us push=9485us qstall=3808us qovf=6403482 apu=1229us await=1469us aunder=0 aover=0 fps=60 split=c0
[  51.267] [PERF] emu=13557us scale=1535us push=9418us qstall=3695us qovf=6439772 apu=98us await=2732us aunder=0 aover=0 fps=60 split=c0
[  52.268] [PERF] emu=13667us scale=1533us push=9218us qstall=3539us qovf=6476121 apu=1218us await=1486us aunder=0 aover=0 fps=60 split=c0
[  53.270] [PERF] emu=14119us scale=1524us push=8224us qstall=2609us qovf=6507893 apu=1222us await=1020us aunder=0 aover=0 fps=60 split=c0
[  54.271] [PERF] emu=13595us scale=1528us push=9706us qstall=4063us qovf=6539130 apu=967us await=1820us aunder=0 aover=0 fps=60 split=c0
[  55.272] [PERF] emu=14115us scale=1514us push=8072us qstall=2465us qovf=6570637 apu=100us await=2155us aunder=0 aover=0 fps=60 split=c0
[  56.273] [PERF] emu=13493us scale=1531us push=10003us qstall=4241us qovf=6609255 apu=1211us await=1676us aunder=0 aover=0 fps=60 split=c0
[  57.275] [PERF] emu=13876us scale=1524us push=9184us qstall=3443us qovf=6646927 apu=1217us await=1270us aunder=0 aover=0 fps=60 split=c0
[  58.276] [PERF] emu=14201us scale=1522us push=8670us qstall=1463us qovf=6685367 apu=974us await=1186us aunder=0 aover=0 fps=60 split=c0
[  59.277] [PERF] emu=13762us scale=1534us push=9297us qstall=3593us qovf=6709148 apu=626us await=1969us aunder=0 aover=0 fps=60 split=c0
[  60.278] [PERF] emu=13726us scale=1530us push=9279us qstall=3655us qovf=6739972 apu=839us await=1815us aunder=0 aover=0 fps=60 split=c0
[  61.279] [PERF] emu=13432us scale=1528us push=10573us qstall=4821us qovf=6778701 apu=1219us await=1737us aunder=0 aover=0 fps=60 split=c0
[  62.281] [PERF] emu=13566us scale=1534us push=9817us qstall=4095us qovf=6824290 apu=622us await=2183us aunder=0 aover=0 fps=60 split=c0
[  63.282] [PERF] emu=13935us scale=1528us push=8800us qstall=3087us qovf=6856597 apu=632us await=1795us aunder=0 aover=0 fps=60 split=c0
[  64.283] [PERF] emu=13562us scale=1542us push=10126us qstall=4404us qovf=6896579 apu=1225us await=1596us aunder=0 aover=0 fps=60 split=c0
[  65.285] [PERF] emu=13664us scale=1527us push=8963us qstall=3272us qovf=6937188 apu=1219us await=1502us aunder=0 aover=0 fps=60 split=c0
[  66.286] [PERF] emu=13405us scale=1534us push=10505us qstall=4758us qovf=6983408 apu=966us await=2008us aunder=0 aover=0 fps=60 split=c0
[  67.287] [PERF] emu=13572us scale=1530us push=9831us qstall=4106us qovf=7026983 apu=966us await=1837us aunder=0 aover=0 fps=60 split=c0
[  68.288] [PERF] emu=13735us scale=1521us push=9297us qstall=3580us qovf=7066412 apu=1220us await=1403us aunder=0 aover=0 fps=60 split=c0
[  69.290] [PERF] emu=13941us scale=1526us push=8616us qstall=2974us qovf=7105031 apu=973us await=1442us aunder=0 aover=0 fps=60 split=c0
[  70.291] [PERF] emu=13983us scale=1532us push=8940us qstall=3240us qovf=7136873 apu=1224us await=1171us aunder=0 aover=0 fps=60 split=c0
[  71.292] [PERF] emu=13401us scale=1532us push=10464us qstall=4720us qovf=7175551 apu=836us await=2136us aunder=0 aover=0 fps=60 split=c0
[  72.293] [PERF] emu=14062us scale=1523us push=8261us qstall=2637us qovf=7212566 apu=1220us await=1081us aunder=0 aover=0 fps=60 split=c0
[  73.295] [PERF] emu=13535us scale=1528us push=9962us qstall=4247us qovf=7250277 apu=967us await=1879us aunder=0 aover=0 fps=60 split=c0
[  74.296] [PERF] emu=12114us scale=1529us push=12383us qstall=6549us qovf=7281580 apu=90us await=4230us aunder=0 aover=0 fps=60 split=c0
[  75.297] [PERF] emu=13371us scale=1521us push=10664us qstall=4930us qovf=7333862 apu=1215us await=1804us aunder=0 aover=0 fps=60 split=c0
[  76.298] [PERF] emu=13393us scale=1520us push=10598us qstall=4855us qovf=7384819 apu=1196us await=1787us aunder=0 aover=0 fps=60 split=c0
[  77.300] [PERF] emu=13356us scale=1540us push=10483us qstall=4749us qovf=7435714 apu=97us await=2933us aunder=0 aover=0 fps=60 split=c0
[  78.301] [PERF] emu=13368us scale=1527us push=10675us qstall=4939us qovf=7486785 apu=964us await=2058us aunder=0 aover=0 fps=60 split=c0
[  79.302] [PERF] emu=13376us scale=1531us push=10531us qstall=4779us qovf=7537402 apu=843us await=2171us aunder=0 aover=0 fps=60 split=c0
[  80.303] [PERF] emu=13848us scale=1533us push=8559us qstall=3682us qovf=7582480 apu=1231us await=1275us aunder=0 aover=0 fps=60 split=c0
[  81.305] [PERF] emu=13631us scale=1523us push=9764us qstall=4027us qovf=7612989 apu=626us await=2118us aunder=0 aover=0 fps=60 split=c0
[  82.306] [PERF] emu=13727us scale=1526us push=9655us qstall=3928us qovf=7646600 apu=1222us await=1437us aunder=0 aover=0 fps=60 split=c0
[  83.307] [PERF] emu=14339us scale=1524us push=7889us qstall=1425us qovf=7680603 apu=1540us await=492us aunder=0 aover=0 fps=60 split=c0
[  84.308] [PERF] emu=13966us scale=1524us push=8928us qstall=3203us qovf=7709812 apu=972us await=1424us aunder=0 aover=0 fps=60 split=c0
[  85.309] [PERF] emu=13591us scale=1526us push=9298us qstall=3688us qovf=7754009 apu=97us await=2697us aunder=0 aover=0 fps=60 split=c0
[  86.311] [PERF] emu=14277us scale=1518us push=7761us qstall=2163us qovf=7781235 apu=1325us await=741us aunder=0 aover=0 fps=60 split=c0
[  87.312] [PERF] emu=14175us scale=1522us push=7898us qstall=2325us qovf=7806549 apu=1227us await=966us aunder=0 aover=0 fps=60 split=c0
[  88.313] [PERF] emu=14423us scale=1520us push=7245us qstall=1717us qovf=7828812 apu=1217us await=702us aunder=0 aover=0 fps=60 split=c0
[  89.314] [PERF] emu=14416us scale=1523us push=7347us qstall=1681us qovf=7851933 apu=837us await=1104us aunder=0 aover=0 fps=60 split=c0
[  90.316] [PERF] emu=13629us scale=1527us push=8885us qstall=3211us qovf=7883715 apu=1212us await=1533us aunder=0 aover=0 fps=60 split=c0
[  91.317] [PERF] emu=13808us scale=1532us push=9262us qstall=3643us qovf=7912905 apu=1215us await=1371us aunder=0 aover=0 fps=60 split=c0
[  92.318] [PERF] emu=13633us scale=1526us push=9506us qstall=3737us qovf=7948358 apu=1204us await=1534us aunder=0 aover=0 fps=60 split=c0
[  93.320] [PERF] emu=13971us scale=1532us push=8748us qstall=2999us qovf=7983222 apu=97us await=2285us aunder=0 aover=0 fps=60 split=c0
[  94.321] [PERF] emu=14445us scale=1523us push=7494us qstall=2089us qovf=8005722 apu=959us await=971us aunder=0 aover=0 fps=60 split=c0
[  95.322] [PERF] emu=13993us scale=1535us push=7992us qstall=2691us qovf=8034289 apu=1331us await=1033us aunder=0 aover=0 fps=60 split=c0
[  96.323] [PERF] emu=14101us scale=1532us push=8279us qstall=2677us qovf=8059193 apu=848us await=1422us aunder=0 aover=0 fps=60 split=c0
[  97.324] [PERF] emu=13721us scale=1524us push=9309us qstall=3621us qovf=8089778 apu=97us await=2572us aunder=0 aover=0 fps=60 split=c0
[  98.526] [PERF] emu=13695us scale=1526us push=9361us qstall=3586us qovf=8126900 apu=972us await=1715us aunder=0 aover=0 fps=60 split=c0
[  99.527] [PERF] emu=13877us scale=1521us push=8736us qstall=3112us qovf=8160642 apu=972us await=1507us aunder=0 aover=0 fps=60 split=c0
[ 100.528] [PERF] emu=13788us scale=1534us push=8958us qstall=3230us qovf=8190596 apu=1221us await=1367us aunder=0 aover=0 fps=60 split=c0
[ 101.529] [PERF] emu=13831us scale=1523us push=8995us qstall=3303us qovf=8222602 apu=974us await=1569us aunder=0 aover=0 fps=60 split=c0
[ 102.531] [PERF] emu=13462us scale=1534us push=9854us qstall=4120us qovf=8261111 apu=1198us await=1691us aunder=0 aover=0 fps=60 split=c0
[ 103.532] [PERF] emu=14110us scale=1527us push=8157us qstall=2518us qovf=8292300 apu=977us await=1277us aunder=0 aover=0 fps=60 split=c0
[ 104.534] [PERF] emu=13797us scale=1533us push=8717us qstall=3084us qovf=8327667 apu=1222us await=1349us aunder=0 aover=0 fps=60 split=c0
[ 105.535] [PERF] emu=14170us scale=1525us push=8022us qstall=2395us qovf=8353290 apu=482us await=1720us aunder=0 aover=0 fps=60 split=c0
[ 106.536] [PERF] emu=13616us scale=1538us push=9737us qstall=4038us qovf=8386005 apu=1224us await=1551us aunder=0 aover=0 fps=60 split=c0
[ 107.538] [PERF] emu=14541us scale=1525us push=6447us qstall=1338us qovf=8416902 apu=1553us await=220us aunder=0 aover=0 fps=60 split=c0
[ 108.539] [PERF] emu=14293us scale=1529us push=7979us qstall=2665us qovf=8438235 apu=1231us await=851us aunder=0 aover=0 fps=60 split=c0
[ 109.540] [PERF] emu=13969us scale=1525us push=8765us qstall=3091us qovf=8462079 apu=105us await=2284us aunder=0 aover=0 fps=60 split=c0
[ 110.542] [PERF] emu=13405us scale=1535us push=10517us qstall=4773us qovf=8502124 apu=1261us await=1725us aunder=0 aover=0 fps=60 split=c0
[ 111.543] [PERF] emu=13665us scale=1521us push=9811us qstall=4154us qovf=8549699 apu=622us await=2101us aunder=0 aover=0 fps=60 split=c0
[ 112.544] [PERF] emu=14109us scale=1527us push=9087us qstall=2481us qovf=8584049 apu=1333us await=906us aunder=0 aover=0 fps=60 split=c0
[ 113.546] [PERF] emu=14037us scale=1524us push=8416us qstall=2659us qovf=8616719 apu=493us await=1812us aunder=0 aover=0 fps=60 split=c0
[ 114.547] [PERF] emu=13571us scale=1524us push=9772us qstall=4050us qovf=8656649 apu=1201us await=1581us aunder=0 aover=0 fps=60 split=c0
[ 115.549] [PERF] emu=13820us scale=1524us push=9157us qstall=3320us qovf=8690978 apu=1323us await=1215us aunder=0 aover=0 fps=60 split=c0
[ 116.550] [PERF] emu=13565us scale=1532us push=9663us qstall=3923us qovf=8728623 apu=967us await=1825us aunder=0 aover=0 fps=60 split=c0
[ 117.552] [PERF] emu=13378us scale=1520us push=10404us qstall=4664us qovf=8775064 apu=97us await=2914us aunder=0 aover=0 fps=60 split=c0
[ 118.553] [PERF] emu=13597us scale=1537us push=9802us qstall=4140us qovf=8823540 apu=1196us await=1570us aunder=0 aover=0 fps=60 split=c0
[ 119.555] [PERF] emu=14382us scale=1530us push=8781us qstall=2173us qovf=8861485 apu=1593us await=393us aunder=0 aover=0 fps=60 split=c0
[ 120.556] [PERF] emu=13889us scale=1525us push=9310us qstall=3647us qovf=8897598 apu=974us await=1507us aunder=0 aover=0 fps=60 split=c0
[ 121.557] [PERF] emu=13956us scale=1525us push=9012us qstall=3053us qovf=8928430 apu=97us await=2315us aunder=0 aover=0 fps=60 split=c0
[ 122.559] [PERF] emu=13756us scale=1529us push=9003us qstall=3311us qovf=8960994 apu=1219us await=1408us aunder=0 aover=0 fps=60 split=c0
[ 123.560] [PERF] emu=14511us scale=1530us push=8261us qstall=699us qovf=8993213 apu=1622us await=215us aunder=0 aover=0 fps=60 split=c0
[ 124.561] [PERF] emu=13635us scale=1534us push=9260us qstall=3628us qovf=9025162 apu=967us await=1780us aunder=0 aover=0 fps=60 split=c0
[ 125.563] [PERF] emu=14009us scale=1524us push=8751us qstall=3039us qovf=9062450 apu=627us await=1713us aunder=0 aover=0 fps=60 split=c0
[ 126.564] [PERF] emu=13892us scale=1530us push=8769us qstall=3083us qovf=9091671 apu=834us await=1625us aunder=0 aover=0 fps=60 split=c0
[ 127.565] [PERF] emu=13605us scale=1523us push=9750us qstall=4019us qovf=9131096 apu=969us await=1804us aunder=0 aover=0 fps=60 split=c0
[ 128.567] [PERF] emu=13997us scale=1529us push=8776us qstall=3132us qovf=9167839 apu=835us await=1515us aunder=0 aover=0 fps=60 split=c0
[ 129.568] [PERF] emu=13413us scale=1532us push=10474us qstall=4721us qovf=9211961 apu=622us await=2355us aunder=0 aover=0 fps=60 split=c0
[ 130.569] [PERF] emu=13429us scale=1530us push=10513us qstall=4782us qovf=9259677 apu=968us await=1991us aunder=0 aover=0 fps=60 split=c0
[ 131.571] [PERF] emu=13356us scale=1533us push=10669us qstall=4929us qovf=9304979 apu=1219us await=1806us aunder=0 aover=0 fps=60 split=c0
[ 132.572] [PERF] emu=13406us scale=1527us push=10583us qstall=4849us qovf=9354779 apu=967us await=2017us aunder=0 aover=0 fps=60 split=c0
[ 133.574] [PERF] emu=12168us scale=1537us push=12401us qstall=6558us qovf=9385954 apu=91us await=4169us aunder=0 aover=0 fps=60 split=c0
[ 134.575] [PERF] emu=13421us scale=1536us push=10601us qstall=4872us qovf=9438071 apu=1221us await=1747us aunder=0 aover=0 fps=60 split=c0
[ 135.576] [PERF] emu=13826us scale=1525us push=9427us qstall=3411us qovf=9480340 apu=1568us await=977us aunder=0 aover=0 fps=60 split=c0
[ 136.578] [PERF] emu=14002us scale=1528us push=8081us qstall=2651us qovf=9508518 apu=1175us await=1166us aunder=0 aover=0 fps=60 split=c0
[ 137.579] [PERF] emu=13951us scale=1532us push=8434us qstall=2752us qovf=9532648 apu=971us await=1452us aunder=0 aover=0 fps=60 split=c0
[ 138.580] [PERF] emu=13936us scale=1521us push=8404us qstall=2662us qovf=9552408 apu=836us await=1586us aunder=0 aover=0 fps=60 split=c0
[ 139.582] [PERF] emu=13528us scale=1521us push=9821us qstall=4115us qovf=9585961 apu=1567us await=1297us aunder=0 aover=0 fps=60 split=c0
[ 140.583] [PERF] emu=13459us scale=1528us push=10126us qstall=4363us qovf=9629718 apu=969us await=1948us aunder=0 aover=0 fps=60 split=c0
[ 141.584] [PERF] emu=13801us scale=1531us push=8783us qstall=3136us qovf=9655075 apu=1223us await=1351us aunder=0 aover=0 fps=60 split=c0
[ 142.586] [PERF] emu=14303us scale=1523us push=7902us qstall=1440us qovf=9683164 apu=1215us await=860us aunder=0 aover=0 fps=60 split=c0
[ 143.587] [PERF] emu=13682us scale=1525us push=9510us qstall=3714us qovf=9708606 apu=1353us await=1305us aunder=0 aover=0 fps=60 split=c0
[ 144.588] [PERF] emu=13486us scale=1530us push=10057us qstall=4340us qovf=9754573 apu=1214us await=1689us aunder=0 aover=0 fps=60 split=c0
[ 145.589] [PERF] emu=13443us scale=1535us push=10119us qstall=4366us qovf=9798675 apu=966us await=1974us aunder=0 aover=0 fps=60 split=c0
[ 146.591] [PERF] emu=13595us scale=1523us push=9287us qstall=3615us qovf=9838087 apu=1212us await=1563us aunder=0 aover=0 fps=60 split=c0
[ 147.592] [PERF] emu=13741us scale=1529us push=9205us qstall=3533us qovf=9876435 apu=1198us await=1427us aunder=0 aover=0 fps=60 split=c0
[ 148.593] [PERF] emu=13518us scale=1530us push=9536us qstall=3787us qovf=9914579 apu=1218us await=1644us aunder=0 aover=0 fps=60 split=c0
[ 149.595] [PERF] emu=13561us scale=1528us push=9392us qstall=3680us qovf=9953034 apu=1194us await=1630us aunder=0 aover=0 fps=60 split=c0
[ 150.596] [PERF] emu=13850us scale=1534us push=8788us qstall=3285us qovf=9987624 apu=1214us await=1279us aunder=0 aover=0 fps=60 split=c0
[ 151.597] [PERF] emu=13938us scale=1528us push=9780us qstall=2702us qovf=10026864 apu=1231us await=1220us aunder=0 aover=0 fps=60 split=c0
[ 152.598] [PERF] emu=13834us scale=1531us push=9462us qstall=3698us qovf=10067734 apu=1232us await=1306us aunder=0 aover=0 fps=60 split=c0
[ 153.600] [PERF] emu=14119us scale=1525us push=9274us qstall=1692us qovf=10103333 apu=630us await=1621us aunder=0 aover=0 fps=60 split=c0
[ 154.601] [PERF] emu=14444us scale=1532us push=7724us qstall=2224us qovf=10134585 apu=973us await=956us aunder=0 aover=0 fps=60 split=c0
[ 155.602] [PERF] emu=13859us scale=1525us push=9538us qstall=3578us qovf=10160278 apu=1214us await=1303us aunder=0 aover=0 fps=60 split=c0
[ 156.603] [PERF] emu=13655us scale=1520us push=9546us qstall=3860us qovf=10196589 apu=1205us await=1494us aunder=0 aover=0 fps=60 split=c0
[ 157.604] [PERF] emu=13761us scale=1531us push=9138us qstall=3435us qovf=10233142 apu=970us await=1648us aunder=0 aover=0 fps=60 split=c0
[ 158.606] [PERF] emu=13794us scale=1524us push=9197us qstall=3470us qovf=10262087 apu=1324us await=1262us aunder=0 aover=0 fps=60 split=c0
[ 159.607] [PERF] emu=13714us scale=1525us push=9748us qstall=4044us qovf=10299921 apu=1200us await=1444us aunder=0 aover=0 fps=60 split=c0
[ 160.608] [PERF] emu=13579us scale=1536us push=9812us qstall=4118us qovf=10341949 apu=960us await=1844us aunder=0 aover=0 fps=60 split=c0
[ 161.609] [PERF] emu=13588us scale=1526us push=9823us qstall=4127us qovf=10386052 apu=1199us await=1596us aunder=0 aover=0 fps=60 split=c0
[ 162.610] [PERF] emu=13593us scale=1522us push=9246us qstall=3501us qovf=10422387 apu=968us await=1813us aunder=0 aover=0 fps=60 split=c0
[ 163.612] [PERF] emu=14377us scale=1526us push=8613us qstall=1573us qovf=10449877 apu=1552us await=450us aunder=0 aover=0 fps=60 split=c0
[ 164.613] [PERF] emu=13983us scale=1529us push=9058us qstall=3337us qovf=10477261 apu=975us await=1389us aunder=0 aover=0 fps=60 split=c0
[ 165.614] [PERF] emu=14003us scale=1526us push=8560us qstall=2910us qovf=10512582 apu=1225us await=1140us aunder=0 aover=0 fps=60 split=c0
[ 166.615] [PERF] emu=14190us scale=1537us push=8177us qstall=2680us qovf=10540475 apu=1221us await=974us aunder=0 aover=0 fps=60 split=c0
[ 167.617] [PERF] emu=14215us scale=1520us push=8039us qstall=2131us qovf=10563710 apu=1573us await=602us aunder=0 aover=0 fps=60 split=c0
[ 168.618] [PERF] emu=14627us scale=1548us push=6716us qstall=1325us qovf=10587237 apu=842us await=889us aunder=0 aover=0 fps=60 split=c0
[ 169.619] [PERF] emu=13960us scale=1539us push=8785us qstall=3140us qovf=10605076 apu=1542us await=853us aunder=0 aover=0 fps=60 split=c0
[ 170.620] [PERF] emu=13399us scale=1519us push=10475us qstall=4732us qovf=10646452 apu=612us await=2376us aunder=0 aover=0 fps=60 split=c0
[ 171.621] [PERF] emu=13517us scale=1534us push=9805us qstall=4111us qovf=10681488 apu=1343us await=1494us aunder=0 aover=0 fps=60 split=c0
[ 172.623] [PERF] emu=13723us scale=1523us push=9605us qstall=3869us qovf=10717398 apu=1537us await=1123us aunder=0 aover=0 fps=60 split=c0
[ 173.624] [PERF] emu=13438us scale=1534us push=10578us qstall=4834us qovf=10763759 apu=1215us await=1731us aunder=0 aover=0 fps=60 split=c0
[ 174.625] [PERF] emu=13666us scale=1533us push=9602us qstall=3955us qovf=10811311 apu=965us await=1748us aunder=0 aover=0 fps=60 split=c0
[ 175.626] [PERF] emu=14118us scale=1534us push=8653us qstall=3063us qovf=10851055 apu=1357us await=889us aunder=0 aover=0 fps=60 split=c0
[ 176.627] [PERF] emu=14138us scale=1528us push=7454us qstall=2338us qovf=10875226 apu=504us await=1727us aunder=0 aover=0 fps=60 split=c0
[ 177.629] [PERF] emu=14158us scale=1533us push=7604us qstall=2154us qovf=10894644 apu=1225us await=994us aunder=0 aover=0 fps=60 split=c0
[ 178.630] [PERF] emu=14402us scale=1519us push=5820us qstall=1179us qovf=10909620 apu=1557us await=331us aunder=0 aover=0 fps=60 split=c0
[ 179.631] [PERF] emu=14293us scale=1522us push=7538us qstall=1838us qovf=10928683 apu=977us await=1105us aunder=0 aover=0 fps=60 split=c0
# capture end, elapsed 180.0s
