# capture start 2026-09-17T16:20:31-0400 port=/dev/ttyUSB0 baud=115200 duration=180s
[   1.001] [PERF] emu=12244us scale=2214us push=11787us qstall=7098us qovf=2636800 apu=1206us await=3000us aunder=0 aover=0 fps=60 split=c0
[   2.002] [PERF] emu=12223us scale=2224us push=11770us qstall=7086us qovf=2710671 apu=1198us await=3035us aunder=0 aover=0 fps=60 split=c0
[   3.004] [PERF] emu=12239us scale=2220us push=11786us qstall=7095us qovf=2784569 apu=1202us await=3012us aunder=0 aover=0 fps=60 split=c0
[   4.005] [PERF] emu=12219us scale=2217us push=11773us qstall=7091us qovf=2858460 apu=1180us await=3044us aunder=0 aover=0 fps=60 split=c0
[   5.006] [PERF] emu=12226us scale=2227us push=11767us qstall=7088us qovf=2932331 apu=1208us await=3018us aunder=0 aover=0 fps=60 split=c0
[   6.207] [PERF] emu=12239us scale=2224us push=11784us qstall=7109us qovf=3006231 apu=1179us await=3014us aunder=0 aover=0 fps=60 split=c0
[   7.208] [PERF] emu=12222us scale=2220us push=11781us qstall=7079us qovf=3080067 apu=1186us await=3042us aunder=0 aover=0 fps=60 split=c0
[   8.210] [PERF] emu=12244us scale=2225us push=11770us qstall=7093us qovf=3153937 apu=1194us await=3003us aunder=0 aover=0 fps=60 split=c0
[   9.211] [PERF] emu=12229us scale=2218us push=11786us qstall=7101us qovf=3227779 apu=1207us await=3016us aunder=0 aover=0 fps=60 split=c0
[  10.212] [PERF] emu=12244us scale=2221us push=11791us qstall=7109us qovf=3301688 apu=1200us await=3007us aunder=0 aover=0 fps=60 split=c0
[  11.213] [PERF] emu=12223us scale=2228us push=11763us qstall=7085us qovf=3375559 apu=1206us await=3021us aunder=0 aover=0 fps=60 split=c0
[  12.215] [PERF] emu=12223us scale=2221us push=11776us qstall=7086us qovf=3449446 apu=1206us await=3024us aunder=0 aover=0 fps=60 split=c0
[  13.216] [PERF] emu=12229us scale=2218us push=11785us qstall=7094us qovf=3523332 apu=1205us await=3003us aunder=0 aover=0 fps=60 split=c0
[  14.217] [PERF] emu=12233us scale=2219us push=11786us qstall=7097us qovf=3597199 apu=1179us await=3039us aunder=0 aover=0 fps=60 split=c0
[  15.219] [PERF] emu=12266us scale=2225us push=11796us qstall=7121us qovf=3671074 apu=1206us await=2980us aunder=0 aover=0 fps=60 split=c0
[  16.220] [PERF] emu=12230us scale=2220us push=11781us qstall=7104us qovf=3744968 apu=1180us await=3041us aunder=0 aover=0 fps=60 split=c0
[  17.222] [PERF] emu=12217us scale=2225us push=11768us qstall=7082us qovf=3818838 apu=1208us await=3027us aunder=0 aover=0 fps=60 split=c0
[  18.223] [PERF] emu=12236us scale=2222us push=11779us qstall=7102us qovf=3892720 apu=1178us await=3022us aunder=0 aover=0 fps=60 split=c0
[  19.224] [PERF] emu=12236us scale=2214us push=11800us qstall=7110us qovf=3966585 apu=1209us await=3016us aunder=0 aover=0 fps=60 split=c0
[  20.225] [PERF] emu=12257us scale=2225us push=11788us qstall=7111us qovf=4040456 apu=1200us await=2989us aunder=0 aover=0 fps=60 split=c0
[  21.227] [PERF] emu=12233us scale=2229us push=11774us qstall=7102us qovf=4114289 apu=1210us await=3010us aunder=0 aover=0 fps=60 split=c0
[  22.228] [PERF] emu=12243us scale=2215us push=11792us qstall=7096us qovf=4188173 apu=1198us await=3011us aunder=0 aover=0 fps=60 split=c0
[  23.229] [PERF] emu=12223us scale=2222us push=11776us qstall=7093us qovf=4262069 apu=1209us await=3013us aunder=0 aover=0 fps=60 split=c0
[  24.231] [PERF] emu=12227us scale=2217us push=11776us qstall=7093us qovf=4335953 apu=1205us await=3019us aunder=0 aover=0 fps=60 split=c0
[  25.232] [PERF] emu=12236us scale=2218us push=11794us qstall=7095us qovf=4409845 apu=1203us await=3008us aunder=0 aover=0 fps=60 split=c0
[  26.233] [PERF] emu=12224us scale=2218us push=11781us qstall=7081us qovf=4483713 apu=1180us await=3047us aunder=0 aover=0 fps=60 split=c0
[  27.234] [PERF] emu=12243us scale=2227us push=11768us qstall=7098us qovf=4557546 apu=1200us await=2994us aunder=0 aover=0 fps=60 split=c0
[  28.236] [PERF] emu=12240us scale=2217us push=11796us qstall=7109us qovf=4631420 apu=1177us await=3033us aunder=0 aover=0 fps=60 split=c0
[  29.237] [PERF] emu=12230us scale=2218us push=11787us qstall=7092us qovf=4705292 apu=1212us await=3012us aunder=0 aover=0 fps=60 split=c0
[  30.238] [PERF] emu=12227us scale=2224us push=11771us qstall=7085us qovf=4779159 apu=1201us await=3010us aunder=0 aover=0 fps=60 split=c0
[  31.240] [PERF] emu=12236us scale=2220us push=11788us qstall=7101us qovf=4853042 apu=1220us await=2997us aunder=0 aover=0 fps=60 split=c0
[  32.241] [PERF] emu=12228us scale=2224us push=11779us qstall=7099us qovf=4926908 apu=1201us await=3008us aunder=0 aover=0 fps=60 split=c0
[  33.242] [PERF] emu=12235us scale=2225us push=11782us qstall=7099us qovf=5000789 apu=1207us await=3017us aunder=0 aover=0 fps=60 split=c0
[  34.243] [PERF] emu=12257us scale=2221us push=11795us qstall=7103us qovf=5074665 apu=1198us await=2996us aunder=0 aover=0 fps=60 split=c0
[  35.245] [PERF] emu=12219us scale=2221us push=11769us qstall=7075us qovf=5148550 apu=1186us await=3024us aunder=0 aover=0 fps=60 split=c0
[  36.246] [PERF] emu=12232us scale=2230us push=11776us qstall=7096us qovf=5222445 apu=1203us await=3016us aunder=0 aover=0 fps=60 split=c0
[  37.247] [PERF] emu=12239us scale=2222us push=11790us qstall=7113us qovf=5296336 apu=1202us await=2999us aunder=0 aover=0 fps=60 split=c0
[  38.248] [PERF] emu=12244us scale=2212us push=11805us qstall=7093us qovf=5370220 apu=1178us await=3038us aunder=0 aover=0 fps=60 split=c0
[  39.250] [PERF] emu=12245us scale=2227us push=11774us qstall=7107us qovf=5444095 apu=1203us await=3000us aunder=0 aover=0 fps=60 split=c0
[  40.251] [PERF] emu=12231us scale=2221us push=11782us qstall=7099us qovf=5517938 apu=1177us await=3043us aunder=0 aover=0 fps=60 split=c0
[  41.252] [PERF] emu=12245us scale=2215us push=11798us qstall=7103us qovf=5591799 apu=1207us await=3000us aunder=0 aover=0 fps=60 split=c0
[  42.253] [PERF] emu=12222us scale=2228us push=11768us qstall=7094us qovf=5665680 apu=1204us await=3017us aunder=0 aover=0 fps=60 split=c0
[  43.254] [PERF] emu=12220us scale=2224us push=11771us qstall=7076us qovf=5739529 apu=1214us await=3018us aunder=0 aover=0 fps=60 split=c0
[  44.256] [PERF] emu=12232us scale=2225us push=11787us qstall=7092us qovf=5813399 apu=1183us await=3018us aunder=0 aover=0 fps=60 split=c0
[  45.257] [PERF] emu=12219us scale=2220us push=11775us qstall=7082us qovf=5887262 apu=1206us await=3027us aunder=0 aover=0 fps=60 split=c0
[  46.258] [PERF] emu=12263us scale=2223us push=11794us qstall=7119us qovf=5961136 apu=1194us await=2985us aunder=0 aover=0 fps=60 split=c0
[  47.259] [PERF] emu=12242us scale=2218us push=11800us qstall=7114us qovf=6034989 apu=1204us await=3006us aunder=0 aover=0 fps=60 split=c0
[  48.260] [PERF] emu=12243us scale=2224us push=11791us qstall=7109us qovf=6108881 apu=1203us await=3006us aunder=0 aover=0 fps=60 split=c0
[  49.261] [PERF] emu=12222us scale=2224us push=11765us qstall=7092us qovf=6182774 apu=1201us await=3010us aunder=0 aover=0 fps=60 split=c0
[  50.263] [PERF] emu=12243us scale=2216us push=11802us qstall=7103us qovf=6256646 apu=1177us await=3032us aunder=0 aover=0 fps=60 split=c0
[  51.264] [PERF] emu=12239us scale=2224us push=11790us qstall=7111us qovf=6330531 apu=1210us await=2989us aunder=0 aover=0 fps=60 split=c0
[  52.265] [PERF] emu=12228us scale=2226us push=11770us qstall=7099us qovf=6404381 apu=1201us await=3026us aunder=0 aover=0 fps=60 split=c0
[  53.267] [PERF] emu=12252us scale=2220us push=11802us qstall=7100us qovf=6478262 apu=1209us await=2991us aunder=0 aover=0 fps=60 split=c0
[  54.268] [PERF] emu=12221us scale=2221us push=11772us qstall=7080us qovf=6552150 apu=1181us await=3034us aunder=0 aover=0 fps=60 split=c0
[  55.269] [PERF] emu=12235us scale=2228us push=11780us qstall=7102us qovf=6626005 apu=1214us await=3003us aunder=0 aover=0 fps=60 split=c0
[  56.270] [PERF] emu=12242us scale=2227us push=11786us qstall=7112us qovf=6699896 apu=1198us await=3002us aunder=0 aover=0 fps=60 split=c0
[  57.272] [PERF] emu=12230us scale=2218us push=11786us qstall=7096us qovf=6773783 apu=1188us await=3021us aunder=0 aover=0 fps=60 split=c0
[  58.273] [PERF] emu=12247us scale=2229us push=11773us qstall=7094us qovf=6847651 apu=1195us await=2997us aunder=0 aover=0 fps=60 split=c0
[  59.274] [PERF] emu=12235us scale=2218us push=11789us qstall=7105us qovf=6921502 apu=1186us await=3032us aunder=0 aover=0 fps=60 split=c0
[  60.275] [PERF] emu=12243us scale=2213us push=11792us qstall=7106us qovf=6995395 apu=1194us await=3014us aunder=0 aover=0 fps=60 split=c0
[  61.277] [PERF] emu=12227us scale=2221us push=11782us qstall=7097us qovf=7069255 apu=1204us await=3006us aunder=0 aover=0 fps=60 split=c0
[  62.278] [PERF] emu=12230us scale=2215us push=11788us qstall=7086us qovf=7143127 apu=1215us await=3007us aunder=0 aover=0 fps=60 split=c0
[  63.279] [PERF] emu=12239us scale=2217us push=11792us qstall=7101us qovf=7217013 apu=1212us await=2974us aunder=0 aover=0 fps=60 split=c0
[  64.280] [PERF] emu=12227us scale=2226us push=11775us qstall=7092us qovf=7290871 apu=1186us await=3023us aunder=0 aover=0 fps=60 split=c0
[  65.281] [PERF] emu=12254us scale=2221us push=11795us qstall=7110us qovf=7364759 apu=1207us await=2983us aunder=0 aover=0 fps=60 split=c0
[  66.282] [PERF] emu=12245us scale=2219us push=11798us qstall=7104us qovf=7438652 apu=1182us await=3023us aunder=0 aover=0 fps=60 split=c0
[  67.284] [PERF] emu=12234us scale=2220us push=11786us qstall=7086us qovf=7512519 apu=1210us await=3009us aunder=0 aover=0 fps=60 split=c0
[  68.285] [PERF] emu=12231us scale=2229us push=11771us qstall=7101us qovf=7586414 apu=1180us await=3016us aunder=0 aover=0 fps=60 split=c0
[  69.286] [PERF] emu=12237us scale=2207us push=11803us qstall=7101us qovf=7660259 apu=1186us await=3038us aunder=0 aover=0 fps=60 split=c0
[  70.287] [PERF] emu=12249us scale=2221us push=11794us qstall=7102us qovf=7734128 apu=1195us await=3003us aunder=0 aover=0 fps=60 split=c0
[  71.288] [PERF] emu=12227us scale=2219us push=11771us qstall=7088us qovf=7807958 apu=1202us await=3024us aunder=0 aover=0 fps=60 split=c0
[  72.290] [PERF] emu=12231us scale=2218us push=11777us qstall=7087us qovf=7881825 apu=1194us await=3026us aunder=0 aover=0 fps=60 split=c0
[  73.291] [PERF] emu=12224us scale=2218us push=11776us qstall=7094us qovf=7955687 apu=1207us await=3015us aunder=0 aover=0 fps=60 split=c0
[  74.292] [PERF] emu=12230us scale=2234us push=11764us qstall=7094us qovf=8029585 apu=1207us await=3014us aunder=0 aover=0 fps=60 split=c0
[  75.293] [PERF] emu=12241us scale=2222us push=11790us qstall=7110us qovf=8103486 apu=1205us await=2988us aunder=0 aover=0 fps=60 split=c0
[  76.294] [PERF] emu=12224us scale=2216us push=11782us qstall=7077us qovf=8177350 apu=1183us await=3044us aunder=0 aover=0 fps=60 split=c0
[  77.296] [PERF] emu=12238us scale=2224us push=11766us qstall=7094us qovf=8251192 apu=1206us await=2996us aunder=0 aover=0 fps=60 split=c0
[  78.297] [PERF] emu=12229us scale=2216us push=11786us qstall=7099us qovf=8325074 apu=1177us await=3045us aunder=0 aover=0 fps=60 split=c0
[  79.298] [PERF] emu=12236us scale=2220us push=11791us qstall=7099us qovf=8398977 apu=1211us await=3005us aunder=0 aover=0 fps=60 split=c0
[  80.299] [PERF] emu=12228us scale=2225us push=11773us qstall=7088us qovf=8472875 apu=1179us await=3044us aunder=0 aover=0 fps=60 split=c0
[  81.300] [PERF] emu=12221us scale=2227us push=11770us qstall=7082us qovf=8546725 apu=1208us await=3024us aunder=0 aover=0 fps=60 split=c0
[  82.301] [PERF] emu=12233us scale=2230us push=11775us qstall=7095us qovf=8620608 apu=1178us await=3008us aunder=0 aover=0 fps=60 split=c0
[  83.303] [PERF] emu=12227us scale=2227us push=11776us qstall=7094us qovf=8694434 apu=1209us await=3016us aunder=0 aover=0 fps=60 split=c0
[  84.304] [PERF] emu=12252us scale=2221us push=11790us qstall=7106us qovf=8768291 apu=1200us await=3000us aunder=0 aover=0 fps=60 split=c0
[  85.305] [PERF] emu=12230us scale=2215us push=11787us qstall=7096us qovf=8842190 apu=1210us await=3005us aunder=0 aover=0 fps=60 split=c0
[  86.306] [PERF] emu=12221us scale=2226us push=11772us qstall=7085us qovf=8916069 apu=1205us await=3025us aunder=0 aover=0 fps=60 split=c0
[  87.307] [PERF] emu=12234us scale=2226us push=11778us qstall=7105us qovf=8989968 apu=1208us await=2997us aunder=0 aover=0 fps=60 split=c0
[  88.308] [PERF] emu=12231us scale=2211us push=11795us qstall=7107us qovf=9063851 apu=1182us await=3037us aunder=0 aover=0 fps=60 split=c0
[  89.310] [PERF] emu=12245us scale=2228us push=11771us qstall=7106us qovf=9137722 apu=1202us await=3004us aunder=0 aover=0 fps=60 split=c0
[  90.311] [PERF] emu=12235us scale=2225us push=11781us qstall=7100us qovf=9211601 apu=1181us await=3018us aunder=0 aover=0 fps=60 split=c0
[  91.312] [PERF] emu=12242us scale=2212us push=11796us qstall=7105us qovf=9285468 apu=1201us await=3010us aunder=0 aover=0 fps=60 split=c0
[  92.313] [PERF] emu=12216us scale=2221us push=11771us qstall=7090us qovf=9359364 apu=1179us await=3048us aunder=0 aover=0 fps=60 split=c0
[  93.314] [PERF] emu=12229us scale=2220us push=11780us qstall=7096us qovf=9433223 apu=1212us await=3012us aunder=0 aover=0 fps=60 split=c0
[  94.315] [PERF] emu=12234us scale=2226us push=11781us qstall=7103us qovf=9507125 apu=1201us await=3016us aunder=0 aover=0 fps=60 split=c0
[  95.316] [PERF] emu=12232us scale=2220us push=11784us qstall=7088us qovf=9580999 apu=1212us await=3008us aunder=0 aover=0 fps=60 split=c0
[  96.318] [PERF] emu=12250us scale=2236us push=11767us qstall=7103us qovf=9654864 apu=1201us await=2983us aunder=0 aover=0 fps=60 split=c0
[  97.319] [PERF] emu=12239us scale=2215us push=11795us qstall=7110us qovf=9728741 apu=1205us await=3007us aunder=0 aover=0 fps=60 split=c0
[  98.520] [PERF] emu=12251us scale=2215us push=11813us qstall=7113us qovf=9802647 apu=1197us await=2995us aunder=0 aover=0 fps=60 split=c0
[  99.521] [PERF] emu=12239us scale=2225us push=11780us qstall=7099us qovf=9876535 apu=1203us await=2995us aunder=0 aover=0 fps=60 split=c0
[ 100.522] [PERF] emu=12237us scale=2228us push=11785us qstall=7100us qovf=9950410 apu=1204us await=3011us aunder=0 aover=0 fps=60 split=c0
[ 101.523] [PERF] emu=12232us scale=2230us push=11780us qstall=7098us qovf=10024302 apu=1203us await=3004us aunder=0 aover=0 fps=60 split=c0
[ 102.525] [PERF] emu=12230us scale=2229us push=11768us qstall=7092us qovf=10098134 apu=1177us await=3047us aunder=0 aover=0 fps=60 split=c0
[ 103.526] [PERF] emu=12240us scale=2218us push=11787us qstall=7086us qovf=10171992 apu=1201us await=3011us aunder=0 aover=0 fps=60 split=c0
[ 104.527] [PERF] emu=12221us scale=2218us push=11773us qstall=7102us qovf=10245874 apu=1179us await=3036us aunder=0 aover=0 fps=60 split=c0
[ 105.529] [PERF] emu=12224us scale=2228us push=11768us qstall=7086us qovf=10319727 apu=1216us await=3014us aunder=0 aover=0 fps=60 split=c0
[ 106.530] [PERF] emu=12235us scale=2222us push=11784us qstall=7104us qovf=10393614 apu=1200us await=3006us aunder=0 aover=0 fps=60 split=c0
[ 107.531] [PERF] emu=12241us scale=2212us push=11805us qstall=7095us qovf=10467494 apu=1206us await=3005us aunder=0 aover=0 fps=60 split=c0
[ 108.533] [PERF] emu=12250us scale=2228us push=11777us qstall=7099us qovf=10541366 apu=1198us await=3001us aunder=0 aover=0 fps=60 split=c0
[ 109.534] [PERF] emu=12230us scale=2224us push=11779us qstall=7097us qovf=10615197 apu=1205us await=3017us aunder=0 aover=0 fps=60 split=c0
[ 110.536] [PERF] emu=12243us scale=2209us push=11794us qstall=7098us qovf=10689088 apu=1195us await=3014us aunder=0 aover=0 fps=60 split=c0
[ 111.537] [PERF] emu=12221us scale=2218us push=11777us qstall=7088us qovf=10762986 apu=1206us await=3017us aunder=0 aover=0 fps=60 split=c0
[ 112.538] [PERF] emu=12229us scale=2220us push=11777us qstall=7081us qovf=10836868 apu=1202us await=3020us aunder=0 aover=0 fps=60 split=c0
[ 113.540] [PERF] emu=12228us scale=2225us push=11778us qstall=7099us qovf=10910748 apu=1201us await=3010us aunder=0 aover=0 fps=60 split=c0
[ 114.541] [PERF] emu=12229us scale=2216us push=11785us qstall=7090us qovf=10984595 apu=1176us await=3047us aunder=0 aover=0 fps=60 split=c0
[ 115.542] [PERF] emu=12256us scale=2219us push=11791us qstall=7113us qovf=11058443 apu=1209us await=2979us aunder=0 aover=0 fps=60 split=c0
[ 116.543] [PERF] emu=12246us scale=2216us push=11801us qstall=7119us qovf=11132330 apu=1185us await=3019us aunder=0 aover=0 fps=60 split=c0
[ 117.545] [PERF] emu=12228us scale=2220us push=11782us qstall=7090us qovf=11206238 apu=1217us await=3008us aunder=0 aover=0 fps=60 split=c0
[ 118.546] [PERF] emu=12229us scale=2225us push=11774us qstall=7098us qovf=11280100 apu=1197us await=3021us aunder=0 aover=0 fps=60 split=c0
[ 119.548] [PERF] emu=12227us scale=2212us push=11787us qstall=7090us qovf=11353947 apu=1213us await=3015us aunder=0 aover=0 fps=60 split=c0
[ 120.549] [PERF] emu=12245us scale=2228us push=11781us qstall=7109us qovf=11427823 apu=1199us await=3000us aunder=0 aover=0 fps=60 split=c0
[ 121.550] [PERF] emu=12220us scale=2227us push=11759us qstall=7081us qovf=11501660 apu=1202us await=3035us aunder=0 aover=0 fps=60 split=c0
[ 122.552] [PERF] emu=12238us scale=2217us push=11792us qstall=7093us qovf=11575540 apu=1196us await=3018us aunder=0 aover=0 fps=60 split=c0
[ 123.553] [PERF] emu=12214us scale=2217us push=11768us qstall=7086us qovf=11649407 apu=1185us await=3045us aunder=0 aover=0 fps=60 split=c0
[ 124.554] [PERF] emu=12225us scale=2223us push=11770us qstall=7093us qovf=11723286 apu=1200us await=3026us aunder=0 aover=0 fps=60 split=c0
[ 125.555] [PERF] emu=12246us scale=2222us push=11796us qstall=7119us qovf=11797170 apu=1206us await=2991us aunder=0 aover=0 fps=60 split=c0
[ 126.557] [PERF] emu=12232us scale=2222us push=11784us qstall=7096us qovf=11871046 apu=1186us await=3019us aunder=0 aover=0 fps=60 split=c0
[ 127.558] [PERF] emu=9351us scale=2208us push=4156us qstall=17us qovf=11941243 apu=86us await=7025us aunder=0 aover=0 fps=60 split=c0
[ 128.559] [PERF] emu=13304us scale=2224us push=10134us qstall=4992us qovf=11973626 apu=1203us await=1916us aunder=0 aover=0 fps=60 split=c0
[ 129.560] [PERF] emu=13309us scale=2211us push=10143us qstall=4980us qovf=12024974 apu=960us await=2158us aunder=0 aover=0 fps=60 split=c0
[ 130.562] [PERF] emu=13343us scale=2221us push=10081us qstall=4920us qovf=12075981 apu=1208us await=1867us aunder=0 aover=0 fps=60 split=c0
[ 131.563] [PERF] emu=13515us scale=2211us push=8485us qstall=3269us qovf=12123648 apu=960us await=1944us aunder=0 aover=0 fps=60 split=c0
[ 132.565] [PERF] emu=13542us scale=2221us push=9088us qstall=3835us qovf=12163258 apu=1541us await=1328us aunder=0 aover=0 fps=60 split=c0
[ 133.566] [PERF] emu=13423us scale=2215us push=9743us qstall=4520us qovf=12203508 apu=1321us await=1679us aunder=0 aover=0 fps=60 split=c0
[ 134.567] [PERF] emu=13520us scale=2222us push=8554us qstall=3352us qovf=12247676 apu=1215us await=1683us aunder=0 aover=0 fps=60 split=c0
[ 135.568] [PERF] emu=13784us scale=2227us push=8007us qstall=2707us qovf=12284745 apu=1535us await=1083us aunder=0 aover=0 fps=60 split=c0
[ 136.570] [PERF] emu=13457us scale=2218us push=9369us qstall=4152us qovf=12317228 apu=1535us await=1428us aunder=0 aover=0 fps=60 split=c0
[ 137.571] [PERF] emu=13349us scale=2220us push=10066us qstall=4870us qovf=12364065 apu=836us await=2240us aunder=0 aover=0 fps=60 split=c0
[ 138.572] [PERF] emu=13884us scale=2214us push=8156us qstall=2873us qovf=12407185 apu=967us await=1592us aunder=0 aover=0 fps=60 split=c0
[ 139.573] [PERF] emu=13724us scale=2224us push=8865us qstall=3644us qovf=12443684 apu=1184us await=1497us aunder=0 aover=0 fps=60 split=c0
[ 140.574] [PERF] emu=13454us scale=2211us push=8922us qstall=3717us qovf=12488129 apu=1409us await=1560us aunder=0 aover=0 fps=60 split=c0
[ 141.576] [PERF] emu=13491us scale=2216us push=9766us qstall=4589us qovf=12535525 apu=963us await=1974us aunder=0 aover=0 fps=60 split=c0
[ 142.577] [PERF] emu=13565us scale=2215us push=8824us qstall=3695us qovf=12581246 apu=1213us await=1641us aunder=0 aover=0 fps=60 split=c0
[ 143.578] [PERF] emu=13395us scale=2221us push=10048us qstall=4876us qovf=12626615 apu=813us await=2214us aunder=0 aover=0 fps=60 split=c0
[ 144.579] [PERF] emu=13364us scale=2216us push=10014us qstall=4887us qovf=12676964 apu=1531us await=1519us aunder=0 aover=0 fps=60 split=c0
[ 145.581] [PERF] emu=13459us scale=2226us push=8387us qstall=3270us qovf=12727732 apu=499us await=2472us aunder=0 aover=0 fps=60 split=c0
[ 146.582] [PERF] emu=13933us scale=2213us push=7594us qstall=2286us qovf=12762091 apu=1227us await=1243us aunder=0 aover=0 fps=60 split=c0
[ 147.583] [PERF] emu=14101us scale=2212us push=7174us qstall=955us qovf=12778484 apu=1217us await=1077us aunder=0 aover=0 fps=60 split=c0
[ 148.585] [PERF] emu=13753us scale=2202us push=8009us qstall=2729us qovf=12791672 apu=1259us await=1395us aunder=0 aover=0 fps=60 split=c0
[ 149.586] [PERF] emu=13546us scale=2213us push=8677us qstall=3422us qovf=12823872 apu=822us await=2033us aunder=0 aover=0 fps=60 split=c0
[ 150.587] [PERF] emu=13569us scale=2219us push=8962us qstall=3788us qovf=12857858 apu=1212us await=1627us aunder=0 aover=0 fps=60 split=c0
[ 151.588] [PERF] emu=13658us scale=2212us push=8737us qstall=3453us qovf=12891494 apu=1217us await=1520us aunder=0 aover=0 fps=60 split=c0
[ 152.590] [PERF] emu=13701us scale=2219us push=8387us qstall=3127us qovf=12925292 apu=981us await=1726us aunder=0 aover=0 fps=60 split=c0
[ 153.591] [PERF] emu=13591us scale=2216us push=9244us qstall=4026us qovf=12958185 apu=968us await=1862us aunder=0 aover=0 fps=60 split=c0
[ 154.592] [PERF] emu=13415us scale=2212us push=9673us qstall=4472us qovf=13000015 apu=838us await=2163us aunder=0 aover=0 fps=60 split=c0
[ 155.593] [PERF] emu=13446us scale=2221us push=9530us qstall=4344us qovf=13044562 apu=965us await=1999us aunder=0 aover=0 fps=60 split=c0
[ 156.595] [PERF] emu=13884us scale=2216us push=7862us qstall=2907us qovf=13082530 apu=1280us await=1222us aunder=0 aover=0 fps=60 split=c0
[ 157.596] [PERF] emu=13470us scale=2213us push=9224us qstall=3974us qovf=13116652 apu=965us await=1980us aunder=0 aover=0 fps=60 split=c0
[ 158.597] [PERF] emu=13720us scale=2216us push=8774us qstall=3583us qovf=13146528 apu=1326us await=1376us aunder=0 aover=0 fps=60 split=c0
[ 159.598] [PERF] emu=13476us scale=2217us push=9734us qstall=4599us qovf=13189433 apu=1220us await=1729us aunder=0 aover=0 fps=60 split=c0
[ 160.599] [PERF] emu=13485us scale=2219us push=9766us qstall=4660us qovf=13235991 apu=960us await=1977us aunder=0 aover=0 fps=60 split=c0
[ 161.601] [PERF] emu=13514us scale=2222us push=9452us qstall=4325us qovf=13279101 apu=1215us await=1691us aunder=0 aover=0 fps=60 split=c0
[ 162.602] [PERF] emu=13585us scale=2218us push=8706us qstall=3495us qovf=13314786 apu=493us await=2341us aunder=0 aover=0 fps=60 split=c0
[ 163.603] [PERF] emu=13571us scale=2230us push=8874us qstall=3681us qovf=13352064 apu=1212us await=1621us aunder=0 aover=0 fps=60 split=c0
[ 164.604] [PERF] emu=13678us scale=2223us push=8694us qstall=3501us qovf=13387783 apu=1521us await=1210us aunder=0 aover=0 fps=60 split=c0
[ 165.606] [PERF] emu=13434us scale=2221us push=9603us qstall=4380us qovf=13427210 apu=959us await=2026us aunder=0 aover=0 fps=60 split=c0
[ 166.607] [PERF] emu=13420us scale=2217us push=9400us qstall=4176us qovf=13469839 apu=963us await=2032us aunder=0 aover=0 fps=60 split=c0
[ 167.608] [PERF] emu=13809us scale=2215us push=7927us qstall=2666us qovf=13501148 apu=1565us await=1039us aunder=0 aover=0 fps=60 split=c0
[ 168.609] [PERF] emu=13620us scale=2217us push=9043us qstall=3781us qovf=13536470 apu=1538us await=1266us aunder=0 aover=0 fps=60 split=c0
[ 169.611] [PERF] emu=13308us scale=2230us push=10159us qstall=4996us qovf=13581115 apu=618us await=2503us aunder=0 aover=0 fps=60 split=c0
[ 170.612] [PERF] emu=14238us scale=2235us push=6430us qstall=1729us qovf=13624592 apu=1323us await=843us aunder=0 aover=0 fps=60 split=c0
[ 171.613] [PERF] emu=14001us scale=2215us push=8106us qstall=1874us qovf=13638701 apu=1192us await=1209us aunder=0 aover=0 fps=60 split=c0
[ 172.614] [PERF] emu=13636us scale=2220us push=9347us qstall=4159us qovf=13679286 apu=1627us await=1145us aunder=0 aover=0 fps=60 split=c0
[ 173.616] [PERF] emu=13694us scale=2225us push=8551us qstall=3276us qovf=13713087 apu=1326us await=1392us aunder=0 aover=0 fps=60 split=c0
[ 174.617] [PERF] emu=13546us scale=2213us push=9009us qstall=3713us qovf=13744337 apu=1336us await=1540us aunder=0 aover=0 fps=60 split=c0
[ 175.618] [PERF] emu=13366us scale=2210us push=10080us qstall=4878us qovf=13787580 apu=1211us await=1838us aunder=0 aover=0 fps=60 split=c0
[ 176.619] [PERF] emu=13477us scale=2214us push=9515us qstall=4305us qovf=13831839 apu=1527us await=1417us aunder=0 aover=0 fps=60 split=c0
[ 177.621] [PERF] emu=13526us scale=2214us push=9362us qstall=4170us qovf=13876757 apu=1208us await=1682us aunder=0 aover=0 fps=60 split=c0
[ 178.622] [PERF] emu=13772us scale=2215us push=8826us qstall=3602us qovf=13917057 apu=1355us await=1288us aunder=0 aover=0 fps=60 split=c0
[ 179.623] [PERF] emu=13738us scale=2206us push=8090us qstall=2843us qovf=13956486 apu=1221us await=1460us aunder=0 aover=0 fps=60 split=c0
# capture end, elapsed 180.0s
