# capture start 2026-09-17T16:55:22-0400 port=/dev/ttyUSB0 baud=115200 duration=90s
[   0.108] # link dropped: device reports readiness to read but returned no data (device disconnected or multiple access on port?)
[   1.133] # link reopened (no reset)
[   1.934] [PERF] emu=11242us scale=2549us push=10377us qstall=7227us qovf=54293 apu=826us await=4396us aunder=0 aover=0 fps=61 split=c0
[   2.936] [PERF] emu=11249us scale=2554us push=10417us qstall=7231us qovf=130088 apu=830us await=4386us aunder=0 aover=0 fps=60 split=c0
[   3.937] [PERF] emu=11246us scale=2562us push=10376us qstall=7236us qovf=205876 apu=826us await=4385us aunder=0 aover=0 fps=60 split=c0
[   4.938] [PERF] emu=11251us scale=2552us push=10431us qstall=7241us qovf=281660 apu=827us await=4396us aunder=0 aover=0 fps=60 split=c0
[   5.939] [PERF] emu=11252us scale=2551us push=10440us qstall=7234us qovf=357429 apu=824us await=4389us aunder=0 aover=0 fps=60 split=c0
[   6.941] [PERF] emu=11256us scale=2557us push=10423us qstall=7242us qovf=433201 apu=825us await=4384us aunder=0 aover=0 fps=60 split=c0
[   7.942] [PERF] emu=11261us scale=2555us push=10424us qstall=7239us qovf=508987 apu=815us await=4390us aunder=0 aover=0 fps=60 split=c0
[   8.943] [PERF] emu=11252us scale=2551us push=10387us qstall=7241us qovf=584784 apu=826us await=4379us aunder=0 aover=0 fps=60 split=c0
[   9.944] [PERF] emu=11230us scale=2561us push=10400us qstall=7211us qovf=660585 apu=822us await=4413us aunder=0 aover=0 fps=60 split=c0
[  10.946] [PERF] emu=11232us scale=2563us push=10405us qstall=7214us qovf=736365 apu=825us await=4394us aunder=0 aover=0 fps=60 split=c0
[  11.947] [PERF] emu=11243us scale=2553us push=10412us qstall=7227us qovf=812138 apu=822us await=4400us aunder=0 aover=0 fps=60 split=c0
[  12.949] [PERF] emu=11251us scale=2559us push=10407us qstall=7217us qovf=887929 apu=821us await=4386us aunder=0 aover=0 fps=60 split=c0
[  13.950] [PERF] emu=11245us scale=2551us push=10382us qstall=7215us qovf=963708 apu=826us await=4395us aunder=0 aover=0 fps=60 split=c0
[  14.951] [PERF] emu=11250us scale=2552us push=10424us qstall=7221us qovf=1039501 apu=827us await=4388us aunder=0 aover=0 fps=60 split=c0
[  15.952] [PERF] emu=11251us scale=2559us push=10388us qstall=7221us qovf=1115296 apu=825us await=4375us aunder=0 aover=0 fps=60 split=c0
[  16.954] [PERF] emu=11256us scale=2550us push=10433us qstall=7227us qovf=1191084 apu=828us await=4382us aunder=0 aover=0 fps=60 split=c0
[  17.955] [PERF] emu=11253us scale=2552us push=10429us qstall=7222us qovf=1266875 apu=823us await=4389us aunder=0 aover=0 fps=60 split=c0
[  18.956] [PERF] emu=11255us scale=2557us push=10422us qstall=7242us qovf=1342659 apu=827us await=4384us aunder=0 aover=0 fps=60 split=c0
[  19.957] [PERF] emu=11273us scale=2558us push=10429us qstall=7252us qovf=1418441 apu=815us await=4378us aunder=0 aover=0 fps=60 split=c0
[  20.959] [PERF] emu=11248us scale=2548us push=10384us qstall=7233us qovf=1494226 apu=825us await=4385us aunder=0 aover=0 fps=60 split=c0
[  21.960] [PERF] emu=11256us scale=2550us push=10429us qstall=7238us qovf=1570006 apu=821us await=4389us aunder=0 aover=0 fps=60 split=c0
[  22.961] [PERF] emu=11246us scale=2562us push=10380us qstall=7234us qovf=1645809 apu=829us await=4378us aunder=0 aover=0 fps=60 split=c0
[  23.963] [PERF] emu=11250us scale=2548us push=10433us qstall=7237us qovf=1721581 apu=826us await=4389us aunder=0 aover=0 fps=60 split=c0
[  24.964] [PERF] emu=11251us scale=2554us push=10426us qstall=7232us qovf=1797362 apu=830us await=4387us aunder=0 aover=0 fps=60 split=c0
[  25.965] [PERF] emu=11238us scale=2556us push=10411us qstall=7226us qovf=1873140 apu=825us await=4404us aunder=0 aover=0 fps=60 split=c0
[  26.967] [PERF] emu=11250us scale=2548us push=10420us qstall=7233us qovf=1948919 apu=819us await=4396us aunder=0 aover=0 fps=60 split=c0
[  27.968] [PERF] emu=11220us scale=2549us push=10354us qstall=7199us qovf=2024697 apu=824us await=4413us aunder=0 aover=0 fps=60 split=c0
[  28.969] [PERF] emu=11242us scale=2552us push=10416us qstall=7215us qovf=2100517 apu=826us await=4398us aunder=0 aover=0 fps=60 split=c0
[  29.970] [PERF] emu=11239us scale=2548us push=10427us qstall=7209us qovf=2176313 apu=822us await=4405us aunder=0 aover=0 fps=60 split=c0
[  30.972] [PERF] emu=11253us scale=2555us push=10422us qstall=7224us qovf=2252097 apu=825us await=4387us aunder=0 aover=0 fps=60 split=c0
[  31.973] [PERF] emu=11256us scale=2557us push=10416us qstall=7224us qovf=2327883 apu=813us await=4390us aunder=0 aover=0 fps=60 split=c0
[  32.975] [PERF] emu=11248us scale=2552us push=10379us qstall=7214us qovf=2403655 apu=827us await=4389us aunder=0 aover=0 fps=60 split=c0
[  33.976] [PERF] emu=11251us scale=2551us push=10427us qstall=7237us qovf=2479455 apu=749us await=4466us aunder=0 aover=0 fps=60 split=c0
[  34.977] [PERF] emu=11246us scale=2559us push=10379us qstall=7231us qovf=2555235 apu=830us await=4390us aunder=0 aover=0 fps=60 split=c0
[  35.978] [PERF] emu=11250us scale=2548us push=10434us qstall=7243us qovf=2631013 apu=825us await=4391us aunder=0 aover=0 fps=60 split=c0
[  36.979] [PERF] emu=11253us scale=2555us push=10427us qstall=7238us qovf=2706806 apu=826us await=4381us aunder=0 aover=0 fps=60 split=c0
[  37.981] [PERF] emu=11256us scale=2557us push=10423us qstall=7243us qovf=2782680 apu=824us await=4389us aunder=0 aover=0 fps=60 split=c0
[  38.982] [PERF] emu=11268us scale=2554us push=10428us qstall=7248us qovf=2858477 apu=817us await=4382us aunder=0 aover=0 fps=60 split=c0
[  39.983] [PERF] emu=9768us scale=2552us push=2607us qstall=14us qovf=2925433 apu=65us await=6664us aunder=0 aover=0 fps=60 split=c0
[  40.985] [PERF] emu=12549us scale=2555us push=8657us qstall=4974us qovf=2962277 apu=842us await=3042us aunder=0 aover=0 fps=60 split=c0
[  41.986] [PERF] emu=12816us scale=2548us push=8000us qstall=4276us qovf=3013301 apu=907us await=2682us aunder=0 aover=0 fps=60 split=c0
[  42.987] [PERF] emu=12909us scale=2550us push=7611us qstall=3807us qovf=3055291 apu=842us await=2665us aunder=0 aover=0 fps=60 split=c0
[  43.989] [PERF] emu=12783us scale=2553us push=7874us qstall=4068us qovf=3097084 apu=711us await=2929us aunder=0 aover=0 fps=60 split=c0
[  44.990] [PERF] emu=12901us scale=2542us push=8005us qstall=4243us qovf=3143163 apu=845us await=2665us aunder=0 aover=0 fps=60 split=c0
[  45.991] [PERF] emu=13081us scale=2542us push=6854us qstall=2929us qovf=3175398 apu=845us await=2486us aunder=0 aover=0 fps=60 split=c0
[  46.992] [PERF] emu=12819us scale=2551us push=7925us qstall=4158us qovf=3215216 apu=837us await=2756us aunder=0 aover=0 fps=60 split=c0
[  47.994] [PERF] emu=12789us scale=2551us push=8133us qstall=4372us qovf=3258936 apu=844us await=2788us aunder=0 aover=0 fps=60 split=c0
[  48.995] [PERF] emu=12591us scale=2553us push=8607us qstall=4918us qovf=3308256 apu=843us await=2981us aunder=0 aover=0 fps=60 split=c0
[  49.996] [PERF] emu=12952us scale=2546us push=7069us qstall=3237us qovf=3350327 apu=846us await=2614us aunder=0 aover=0 fps=60 split=c0
[  50.997] [PERF] emu=12822us scale=2544us push=7610us qstall=3801us qovf=3390609 apu=930us await=2662us aunder=0 aover=0 fps=60 split=c0
[  51.998] [PERF] emu=12559us scale=2550us push=8617us qstall=4918us qovf=3438475 apu=608us await=3258us aunder=0 aover=0 fps=60 split=c0
[  52.999] [PERF] emu=12569us scale=2543us push=8680us qstall=4979us qovf=3488449 apu=709us await=3146us aunder=0 aover=0 fps=60 split=c0
[  54.001] [PERF] emu=12991us scale=2552us push=7155us qstall=3410us qovf=3535226 apu=862us await=2539us aunder=0 aover=0 fps=60 split=c0
[  55.002] [PERF] emu=12652us scale=2540us push=8276us qstall=4560us qovf=3580791 apu=842us await=2934us aunder=0 aover=0 fps=60 split=c0
[  56.003] [PERF] emu=12682us scale=2554us push=8263us qstall=4542us qovf=3626979 apu=707us await=3021us aunder=0 aover=0 fps=60 split=c0
[  57.004] [PERF] emu=12830us scale=2549us push=7624us qstall=3837us qovf=3669949 apu=844us await=2741us aunder=0 aover=0 fps=60 split=c0
[  58.006] [PERF] emu=13119us scale=2550us push=6946us qstall=3093us qovf=3704266 apu=852us await=2429us aunder=0 aover=0 fps=60 split=c0
[  59.007] [PERF] emu=13170us scale=2548us push=6722us qstall=2881us qovf=3727216 apu=855us await=2367us aunder=0 aover=0 fps=60 split=c0
[  60.008] [PERF] emu=12921us scale=2540us push=7255us qstall=3402us qovf=3758408 apu=601us await=2888us aunder=0 aover=0 fps=60 split=c0
[  61.209] [PERF] emu=12950us scale=2562us push=7263us qstall=3472us qovf=3794264 apu=593us await=2860us aunder=0 aover=0 fps=60 split=c0
[  62.210] [PERF] emu=13371us scale=2553us push=6300us qstall=2404us qovf=3828266 apu=587us await=2456us aunder=0 aover=0 fps=60 split=c0
[  63.212] [PERF] emu=13127us scale=2549us push=7059us qstall=3190us qovf=3861749 apu=837us await=2450us aunder=0 aover=0 fps=60 split=c0
[  64.213] [PERF] emu=13130us scale=2544us push=6744us qstall=2840us qovf=3895464 apu=1064us await=2222us aunder=0 aover=0 fps=60 split=c0
[  65.214] [PERF] emu=12686us scale=2550us push=8264us qstall=4528us qovf=3939155 apu=713us await=3023us aunder=0 aover=0 fps=60 split=c0
[  66.216] [PERF] emu=12720us scale=2552us push=8279us qstall=4531us qovf=3984297 apu=904us await=2782us aunder=0 aover=0 fps=60 split=c0
[  67.217] [PERF] emu=12708us scale=2557us push=8266us qstall=4517us qovf=4030314 apu=598us await=3112us aunder=0 aover=0 fps=60 split=c0
[  68.219] [PERF] emu=13365us scale=2553us push=6448us qstall=2623us qovf=4068169 apu=710us await=2328us aunder=0 aover=0 fps=60 split=c0
[  69.220] [PERF] emu=12741us scale=2543us push=7908us qstall=4118us qovf=4100318 apu=588us await=3094us aunder=0 aover=0 fps=60 split=c0
[  70.222] [PERF] emu=12959us scale=2545us push=7289us qstall=3464us qovf=4139155 apu=980us await=2470us aunder=0 aover=0 fps=60 split=c0
[  71.223] [PERF] emu=12751us scale=2559us push=8322us qstall=4661us qovf=4185239 apu=704us await=2957us aunder=0 aover=0 fps=60 split=c0
[  72.224] [PERF] emu=12736us scale=2559us push=8446us qstall=4810us qovf=4233278 apu=857us await=2821us aunder=0 aover=0 fps=60 split=c0
[  73.226] [PERF] emu=12811us scale=2551us push=8091us qstall=4406us qovf=4278448 apu=716us await=2873us aunder=0 aover=0 fps=60 split=c0
[  74.227] [PERF] emu=12961us scale=2549us push=7596us qstall=3822us qovf=4317502 apu=1057us await=2393us aunder=0 aover=0 fps=60 split=c0
[  75.229] [PERF] emu=12895us scale=2561us push=7607us qstall=3827us qovf=4356084 apu=358us await=3171us aunder=0 aover=0 fps=60 split=c0
[  76.230] [PERF] emu=13109us scale=2553us push=6933us qstall=3131us qovf=4392833 apu=847us await=2456us aunder=0 aover=0 fps=60 split=c0
[  77.232] [PERF] emu=13166us scale=2549us push=7019us qstall=3249us qovf=4424921 apu=836us await=2409us aunder=0 aover=0 fps=60 split=c0
[  78.233] [PERF] emu=13150us scale=2556us push=7145us qstall=3295us qovf=4464688 apu=710us await=2546us aunder=0 aover=0 fps=60 split=c0
[  79.234] [PERF] emu=13002us scale=2549us push=7397us qstall=3552us qovf=4497883 apu=707us await=2703us aunder=0 aover=0 fps=60 split=c0
[  80.236] [PERF] emu=12491us scale=2554us push=8782us qstall=5100us qovf=4536355 apu=841us await=3079us aunder=0 aover=0 fps=60 split=c0
[  81.237] [PERF] emu=13319us scale=2535us push=6526us qstall=2667us qovf=4581145 apu=839us await=2255us aunder=0 aover=0 fps=60 split=c0
[  82.238] [PERF] emu=12995us scale=2546us push=7564us qstall=3737us qovf=4606287 apu=907us await=2500us aunder=0 aover=0 fps=60 split=c0
[  83.240] [PERF] emu=12807us scale=2550us push=7242us qstall=3432us qovf=4647645 apu=702us await=2910us aunder=0 aover=0 fps=60 split=c0
[  84.241] [PERF] emu=12517us scale=2557us push=8802us qstall=5133us qovf=4693523 apu=597us await=3317us aunder=0 aover=0 fps=60 split=c0
[  85.242] [PERF] emu=12834us scale=2548us push=7658us qstall=3868us qovf=4740359 apu=838us await=2744us aunder=0 aover=0 fps=60 split=c0
[  86.243] [PERF] emu=13027us scale=2551us push=7144us qstall=3313us qovf=4774346 apu=724us await=2666us aunder=0 aover=0 fps=60 split=c0
[  87.245] [PERF] emu=12586us scale=2552us push=8647us qstall=4953us qovf=4821003 apu=706us await=3116us aunder=0 aover=0 fps=60 split=c0
[  88.246] [PERF] emu=13101us scale=2551us push=7350us qstall=3582us qovf=4868760 apu=842us await=2475us aunder=0 aover=0 fps=60 split=c0
[  89.248] [PERF] emu=12645us scale=2562us push=8331us qstall=4599us qovf=4911305 apu=852us await=2925us aunder=0 aover=0 fps=60 split=c0
# capture end, elapsed 90.0s
