# capture start 2026-09-18T08:55:30-0400 port=/dev/ttyUSB0 baud=115200 duration=180s
[   0.401] [PERF] emu=13481us scale=7801us push=7578us qstall=9453us qovf=1826983 apu=821us await=2175us aunder=0 aover=0 fps=60 split=c0
[   1.402] [PERF] emu=13496us scale=7828us push=7545us qstall=9474us qovf=1924494 apu=815us await=2165us aunder=0 aover=0 fps=60 split=c0
[   2.403] [PERF] emu=13497us scale=7803us push=7582us qstall=9476us qovf=2022006 apu=820us await=2156us aunder=0 aover=0 fps=60 split=c0
[   3.405] [PERF] emu=13483us scale=7814us push=7558us qstall=9462us qovf=2119526 apu=827us await=2169us aunder=0 aover=0 fps=60 split=c0
[   4.406] [PERF] emu=13502us scale=7806us push=7579us qstall=9468us qovf=2217022 apu=823us await=2151us aunder=0 aover=0 fps=60 split=c0
[   5.408] [PERF] emu=13470us scale=7817us push=7556us qstall=9445us qovf=2314545 apu=827us await=2172us aunder=0 aover=0 fps=60 split=c0
[   6.409] [PERF] emu=13502us scale=7797us push=7585us qstall=9473us qovf=2412057 apu=815us await=2168us aunder=0 aover=0 fps=60 split=c0
[   7.410] [PERF] emu=13482us scale=7813us push=7565us qstall=9474us qovf=2509564 apu=826us await=2167us aunder=0 aover=0 fps=60 split=c0
[   8.411] [PERF] emu=13480us scale=7801us push=7565us qstall=9457us qovf=2607090 apu=821us await=2175us aunder=0 aover=0 fps=60 split=c0
[   9.412] [PERF] emu=13480us scale=7815us push=7545us qstall=9468us qovf=2704619 apu=824us await=2161us aunder=0 aover=0 fps=60 split=c0
[  10.414] [PERF] emu=13486us scale=7803us push=7576us qstall=9451us qovf=2802141 apu=821us await=2168us aunder=0 aover=0 fps=60 split=c0
[  11.416] [PERF] emu=13485us scale=7822us push=7546us qstall=9467us qovf=2899663 apu=823us await=2168us aunder=0 aover=0 fps=60 split=c0
[  12.417] [PERF] emu=13478us scale=7811us push=7567us qstall=9455us qovf=2997185 apu=820us await=2163us aunder=0 aover=0 fps=60 split=c0
[  13.419] [PERF] emu=13485us scale=7824us push=7538us qstall=9462us qovf=3094691 apu=815us await=2175us aunder=0 aover=0 fps=60 split=c0
[  14.420] [PERF] emu=13492us scale=7813us push=7577us qstall=9483us qovf=3192212 apu=824us await=2150us aunder=0 aover=0 fps=60 split=c0
[  15.421] [PERF] emu=13475us scale=7816us push=7548us qstall=9454us qovf=3289734 apu=828us await=2174us aunder=0 aover=0 fps=60 split=c0
[  16.622] [PERF] emu=13508us scale=7822us push=7563us qstall=9488us qovf=3387245 apu=824us await=2145us aunder=0 aover=0 fps=60 split=c0
[  17.624] [PERF] emu=13456us scale=7808us push=7552us qstall=9432us qovf=3484754 apu=825us await=2194us aunder=0 aover=0 fps=60 split=c0
[  18.625] [PERF] emu=13493us scale=7816us push=7560us qstall=9473us qovf=3582265 apu=822us await=2160us aunder=0 aover=0 fps=60 split=c0
[  19.626] [PERF] emu=13475us scale=7809us push=7566us qstall=9463us qovf=3679773 apu=824us await=2166us aunder=0 aover=0 fps=60 split=c0
[  20.627] [PERF] emu=13492us scale=7815us push=7560us qstall=9472us qovf=3777297 apu=812us await=2173us aunder=0 aover=0 fps=60 split=c0
[  21.628] [PERF] emu=13491us scale=7809us push=7565us qstall=9464us qovf=3874813 apu=824us await=2160us aunder=0 aover=0 fps=60 split=c0
[  22.630] [PERF] emu=13487us scale=7822us push=7554us qstall=9459us qovf=3972323 apu=820us await=2172us aunder=0 aover=0 fps=60 split=c0
[  23.631] [PERF] emu=13495us scale=7814us push=7566us qstall=9465us qovf=4069830 apu=822us await=2159us aunder=0 aover=0 fps=60 split=c0
[  24.633] [PERF] emu=13468us scale=7817us push=7555us qstall=9446us qovf=4167335 apu=821us await=2180us aunder=0 aover=0 fps=60 split=c0
[  25.634] [PERF] emu=13508us scale=7801us push=7580us qstall=9484us qovf=4264846 apu=819us await=2158us aunder=0 aover=0 fps=60 split=c0
[  26.635] [PERF] emu=13487us scale=7819us push=7564us qstall=9482us qovf=4362375 apu=823us await=2161us aunder=0 aover=0 fps=60 split=c0
[  27.636] [PERF] emu=13482us scale=7801us push=7565us qstall=9457us qovf=4459910 apu=824us await=2169us aunder=0 aover=0 fps=60 split=c0
[  28.638] [PERF] emu=9827us scale=7789us push=7337us qstall=1240us qovf=4552791 apu=60us await=6598us aunder=0 aover=0 fps=60 split=c0
[  29.639] [PERF] emu=14577us scale=7808us push=7081us qstall=7164us qovf=4597594 apu=841us await=996us aunder=0 aover=0 fps=60 split=c0
[  30.641] [PERF] emu=14601us scale=7810us push=7100us qstall=7202us qovf=4670675 apu=708us await=1104us aunder=0 aover=0 fps=60 split=c0
[  31.642] [PERF] emu=14536us scale=7807us push=7115us qstall=7129us qovf=4743578 apu=842us await=1044us aunder=0 aover=0 fps=60 split=c0
[  32.643] [PERF] emu=14589us scale=7801us push=7127us qstall=7194us qovf=4816569 apu=700us await=1123us aunder=0 aover=0 fps=60 split=c0
[  33.645] [PERF] emu=14576us scale=7810us push=6974us qstall=7056us qovf=4889486 apu=1073us await=754us aunder=0 aover=0 fps=60 split=c0
[  34.646] [PERF] emu=14591us scale=7794us push=7143us qstall=7197us qovf=4962583 apu=700us await=1122us aunder=0 aover=0 fps=60 split=c0
[  35.647] [PERF] emu=14621us scale=7802us push=7076us qstall=7096us qovf=5034856 apu=842us await=943us aunder=0 aover=0 fps=60 split=c0
[  36.649] [PERF] emu=14610us scale=7812us push=6592us qstall=6028us qovf=5099819 apu=842us await=934us aunder=0 aover=0 fps=60 split=c0
[  37.650] [PERF] emu=14593us scale=7805us push=5949us qstall=5577us qovf=5160083 apu=1080us await=718us aunder=0 aover=0 fps=60 split=c0
[  38.651] [PERF] emu=14623us scale=7808us push=6531us qstall=6495us qovf=5219354 apu=599us await=1167us aunder=0 aover=0 fps=60 split=c0
[  39.653] [PERF] emu=14634us scale=7811us push=5945us qstall=4725us qovf=5275371 apu=929us await=820us aunder=0 aover=0 fps=60 split=c0
[  40.654] [PERF] emu=14546us scale=7812us push=6929us qstall=6572us qovf=5330401 apu=802us await=1069us aunder=0 aover=0 fps=60 split=c0
[  41.655] [PERF] emu=14596us scale=7813us push=7110us qstall=7073us qovf=5400958 apu=976us await=830us aunder=0 aover=0 fps=60 split=c0
[  42.657] [PERF] emu=14626us scale=7806us push=7059us qstall=6925us qovf=5472958 apu=706us await=1073us aunder=0 aover=0 fps=60 split=c0
[  43.658] [PERF] emu=14585us scale=7815us push=6173us qstall=5843us qovf=5536623 apu=839us await=968us aunder=0 aover=0 fps=60 split=c0
[  44.659] [PERF] emu=14574us scale=7814us push=6447us qstall=5802us qovf=5595454 apu=698us await=1130us aunder=0 aover=0 fps=60 split=c0
[  45.661] [PERF] emu=14562us scale=7812us push=6513us qstall=6130us qovf=5654638 apu=1071us await=759us aunder=0 aover=0 fps=60 split=c0
[  46.662] [PERF] emu=14646us scale=7815us push=7086us qstall=7050us qovf=5717773 apu=367us await=1400us aunder=0 aover=0 fps=60 split=c0
[  47.663] [PERF] emu=14625us scale=7798us push=7144us qstall=6965us qovf=5787499 apu=843us await=933us aunder=0 aover=0 fps=60 split=c0
[  48.665] [PERF] emu=14629us scale=7800us push=6799us qstall=5610us qovf=5856123 apu=838us await=923us aunder=0 aover=0 fps=60 split=c0
[  49.666] [PERF] emu=14587us scale=7819us push=6707us qstall=6711us qovf=5921435 apu=712us await=1103us aunder=0 aover=0 fps=60 split=c0
[  50.668] [PERF] emu=14618us scale=7800us push=6777us qstall=6496us qovf=5989173 apu=713us await=1058us aunder=0 aover=0 fps=60 split=c0
[  51.669] [PERF] emu=14595us scale=7816us push=7005us qstall=6983us qovf=6059412 apu=845us await=972us aunder=0 aover=0 fps=60 split=c0
[  52.670] [PERF] emu=14641us scale=7795us push=5598us qstall=4167us qovf=6119651 apu=843us await=884us aunder=0 aover=0 fps=60 split=c0
[  53.672] [PERF] emu=14671us scale=7812us push=5552us qstall=4220us qovf=6158438 apu=703us await=1016us aunder=0 aover=0 fps=60 split=c0
[  54.673] [PERF] emu=14707us scale=7814us push=5516us qstall=3711us qovf=6195682 apu=712us await=943us aunder=0 aover=0 fps=60 split=c0
[  55.674] [PERF] emu=14588us scale=7812us push=6414us qstall=5273us qovf=6240510 apu=359us await=1448us aunder=0 aover=0 fps=60 split=c0
[  56.676] [PERF] emu=14639us scale=7797us push=6375us qstall=5305us qovf=6293852 apu=707us await=1047us aunder=0 aover=0 fps=60 split=c0
[  57.677] [PERF] emu=14621us scale=7798us push=6304us qstall=4972us qovf=6346430 apu=860us await=905us aunder=0 aover=0 fps=60 split=c0
[  58.678] [PERF] emu=14644us scale=7813us push=6071us qstall=4994us qovf=6399242 apu=701us await=1040us aunder=0 aover=0 fps=60 split=c0
[  59.679] [PERF] emu=14647us scale=7800us push=5786us qstall=4476us qovf=6450397 apu=708us await=1039us aunder=0 aover=0 fps=60 split=c0
[  60.681] [PERF] emu=14626us scale=7803us push=5418us qstall=4616us qovf=6500112 apu=1091us await=671us aunder=0 aover=0 fps=60 split=c0
[  61.682] [PERF] emu=14614us scale=7796us push=6661us qstall=6182us qovf=6556042 apu=707us await=1083us aunder=0 aover=0 fps=60 split=c0
[  62.684] [PERF] emu=14607us scale=7805us push=6894us qstall=6577us qovf=6622420 apu=844us await=953us aunder=0 aover=0 fps=60 split=c0
[  63.685] [PERF] emu=14640us scale=7813us push=6808us qstall=6053us qovf=6685054 apu=371us await=1386us aunder=0 aover=0 fps=60 split=c0
[  64.686] [PERF] emu=14602us scale=7819us push=6845us qstall=6349us qovf=6749595 apu=843us await=936us aunder=0 aover=0 fps=60 split=c0
[  65.687] [PERF] emu=14672us scale=7812us push=6524us qstall=5544us qovf=6809134 apu=1077us await=653us aunder=0 aover=0 fps=60 split=c0
[  66.689] [PERF] emu=14745us scale=7801us push=5380us qstall=3976us qovf=6854256 apu=706us await=923us aunder=0 aover=0 fps=60 split=c0
[  67.690] [PERF] emu=14590us scale=7813us push=6964us qstall=6628us qovf=6912973 apu=708us await=1110us aunder=0 aover=0 fps=60 split=c0
[  68.691] [PERF] emu=14612us scale=7793us push=6964us qstall=6629us qovf=6980837 apu=839us await=957us aunder=0 aover=0 fps=60 split=c0
[  69.693] [PERF] emu=14610us scale=7816us push=6923us qstall=6548us qovf=7048684 apu=1072us await=713us aunder=0 aover=0 fps=60 split=c0
[  70.694] [PERF] emu=14594us scale=7801us push=6952us qstall=6654us qovf=7116716 apu=458us await=1361us aunder=0 aover=0 fps=60 split=c0
[  71.696] [PERF] emu=14572us scale=7808us push=6936us qstall=6611us qovf=7184811 apu=631us await=1198us aunder=0 aover=0 fps=60 split=c0
[  72.697] [PERF] emu=14600us scale=7793us push=7005us qstall=6626us qovf=7252751 apu=518us await=1297us aunder=0 aover=0 fps=60 split=c0
[  73.698] [PERF] emu=14625us scale=7811us push=6906us qstall=6557us qovf=7320659 apu=1055us await=717us aunder=0 aover=0 fps=60 split=c0
[  74.700] [PERF] emu=14593us scale=7796us push=6971us qstall=6642us qovf=7388673 apu=632us await=1170us aunder=0 aover=0 fps=60 split=c0
[  75.701] [PERF] emu=14621us scale=7811us push=6930us qstall=6634us qovf=7456797 apu=624us await=1161us aunder=0 aover=0 fps=60 split=c0
[  76.702] [PERF] emu=14585us scale=7789us push=6968us qstall=6615us qovf=7524786 apu=764us await=1051us aunder=0 aover=0 fps=60 split=c0
[  77.703] [PERF] emu=14634us scale=7810us push=6921us qstall=6560us qovf=7592699 apu=982us await=784us aunder=0 aover=0 fps=60 split=c0
[ 144.393] # link dropped: device reports readiness to read but returned no data (device disconnected or multiple access on port?)
# capture end, elapsed 180.4s
