# capture start 2026-09-18T09:18:00-0400 port=/dev/ttyUSB0 baud=115200 duration=110s
[   1.001] [PERF] emu=12751us scale=2545us push=7796us qstall=3985us qovf=732613 apu=765us await=2895us aunder=0 aover=0 fps=60 split=c0
[   2.003] [PERF] emu=12580us scale=2561us push=8535us qstall=4855us qovf=779734 apu=623us await=3228us aunder=0 aover=0 fps=60 split=c0
[   3.004] [PERF] emu=12647us scale=2555us push=8548us qstall=4852us qovf=830141 apu=739us await=3031us aunder=0 aover=0 fps=60 split=c0
[   4.005] [PERF] emu=12749us scale=2540us push=8362us qstall=4651us qovf=879988 apu=759us await=2918us aunder=0 aover=0 fps=60 split=c0
[   5.007] [PERF] emu=12701us scale=2543us push=8309us qstall=4567us qovf=926609 apu=636us await=3082us aunder=0 aover=0 fps=60 split=c0
[   6.008] [PERF] emu=12742us scale=2554us push=8126us qstall=4433us qovf=973709 apu=758us await=2923us aunder=0 aover=0 fps=60 split=c0
[   7.009] [PERF] emu=12823us scale=2544us push=7952us qstall=4220us qovf=1019685 apu=527us await=3089us aunder=0 aover=0 fps=60 split=c0
[   8.010] [PERF] emu=13529us scale=2553us push=6221us qstall=2373us qovf=1057829 apu=989us await=1888us aunder=0 aover=0 fps=60 split=c0
[   9.012] [PERF] emu=13307us scale=2542us push=6397us qstall=2474us qovf=1078776 apu=772us await=2337us aunder=0 aover=0 fps=60 split=c0
[  10.013] [PERF] emu=13157us scale=2555us push=6841us qstall=3002us qovf=1102406 apu=782us await=2456us aunder=0 aover=0 fps=60 split=c0
[  11.014] [PERF] emu=12906us scale=2548us push=7266us qstall=3405us qovf=1136467 apu=740us await=2774us aunder=0 aover=0 fps=60 split=c0
[  12.215] [PERF] emu=12877us scale=2550us push=7620us qstall=3854us qovf=1172311 apu=527us await=3021us aunder=0 aover=0 fps=60 split=c0
[  13.217] [PERF] emu=13073us scale=2551us push=7078us qstall=3219us qovf=1205917 apu=1037us await=2313us aunder=0 aover=0 fps=60 split=c0
[  14.218] [PERF] emu=12931us scale=2550us push=7406us qstall=3556us qovf=1240832 apu=384us await=3113us aunder=0 aover=0 fps=60 split=c0
[  15.219] [PERF] emu=12803us scale=2546us push=7738us qstall=3937us qovf=1278662 apu=848us await=2773us aunder=0 aover=0 fps=60 split=c0
[  16.220] [PERF] emu=12806us scale=2545us push=7560us qstall=3767us qovf=1323091 apu=766us await=2851us aunder=0 aover=0 fps=60 split=c0
[  17.222] [PERF] emu=12634us scale=2553us push=8510us qstall=4787us qovf=1372199 apu=633us await=3148us aunder=0 aover=0 fps=60 split=c0
[  18.223] [PERF] emu=12688us scale=2549us push=8263us qstall=4494us qovf=1420571 apu=835us await=2897us aunder=0 aover=0 fps=60 split=c0
[  19.225] [PERF] emu=12654us scale=2547us push=8279us qstall=4511us qovf=1468410 apu=925us await=2846us aunder=0 aover=0 fps=60 split=c0
[  20.226] [PERF] emu=12631us scale=2556us push=8289us qstall=4539us qovf=1516853 apu=844us await=2946us aunder=0 aover=0 fps=60 split=c0
[  21.227] [PERF] emu=12941us scale=2552us push=7344us qstall=3527us qovf=1558096 apu=846us await=2634us aunder=0 aover=0 fps=60 split=c0
[  22.229] [PERF] emu=12999us scale=2558us push=7613us qstall=3845us qovf=1589615 apu=703us await=2699us aunder=0 aover=0 fps=60 split=c0
[  23.230] [PERF] emu=12951us scale=2561us push=6939us qstall=3191us qovf=1629196 apu=845us await=2648us aunder=0 aover=0 fps=60 split=c0
[  24.232] [PERF] emu=12869us scale=2551us push=8055us qstall=4361us qovf=1668490 apu=847us await=2705us aunder=0 aover=0 fps=60 split=c0
[  25.233] [PERF] emu=12893us scale=2556us push=7527us qstall=3773us qovf=1708710 apu=594us await=2931us aunder=0 aover=0 fps=60 split=c0
[  26.235] [PERF] emu=12885us scale=2551us push=7447us qstall=3658us qovf=1746046 apu=843us await=2691us aunder=0 aover=0 fps=60 split=c0
[  27.236] [PERF] emu=12837us scale=2540us push=8096us qstall=4363us qovf=1784950 apu=711us await=2872us aunder=0 aover=0 fps=60 split=c0
[  28.238] [PERF] emu=12788us scale=2543us push=8086us qstall=4318us qovf=1830521 apu=711us await=2927us aunder=0 aover=0 fps=60 split=c0
[  29.239] [PERF] emu=13181us scale=2558us push=6457us qstall=2618us qovf=1858547 apu=595us await=2644us aunder=0 aover=0 fps=60 split=c0
[  30.241] [PERF] emu=12931us scale=2557us push=7919us qstall=4148us qovf=1878874 apu=1059us await=2429us aunder=0 aover=0 fps=60 split=c0
[  31.242] [PERF] emu=12791us scale=2547us push=7936us qstall=4138us qovf=1919586 apu=469us await=3168us aunder=0 aover=0 fps=60 split=c0
[  32.244] [PERF] emu=12878us scale=2546us push=7948us qstall=4190us qovf=1957823 apu=913us await=2620us aunder=0 aover=0 fps=60 split=c0
[  33.245] [PERF] emu=12755us scale=2553us push=8092us qstall=4302us qovf=1998096 apu=1066us await=2605us aunder=0 aover=0 fps=60 split=c0
[  34.247] [PERF] emu=12582us scale=2544us push=8593us qstall=4896us qovf=2044060 apu=842us await=2984us aunder=0 aover=0 fps=60 split=c0
[  35.248] [PERF] emu=12505us scale=2544us push=8798us qstall=5114us qovf=2095914 apu=602us await=3325us aunder=0 aover=0 fps=60 split=c0
[  36.249] [PERF] emu=12823us scale=2554us push=8087us qstall=4333us qovf=2147032 apu=913us await=2680us aunder=0 aover=0 fps=60 split=c0
[  37.251] [PERF] emu=12649us scale=2544us push=8459us qstall=4756us qovf=2192904 apu=357us await=3431us aunder=0 aover=0 fps=60 split=c0
[  38.252] [PERF] emu=12788us scale=2553us push=8091us qstall=4324us qovf=2240027 apu=844us await=2789us aunder=0 aover=0 fps=60 split=c0
[  39.253] [PERF] emu=13009us scale=2549us push=7158us qstall=3329us qovf=2282392 apu=387us await=3020us aunder=0 aover=0 fps=60 split=c0
[  40.255] [PERF] emu=12822us scale=2557us push=7383us qstall=3607us qovf=2327866 apu=711us await=2890us aunder=0 aover=0 fps=60 split=c0
[  41.256] [PERF] emu=13290us scale=2550us push=6692us qstall=2834us qovf=2363270 apu=713us await=2404us aunder=0 aover=0 fps=60 split=c0
[  42.257] [PERF] emu=12566us scale=2552us push=8584us qstall=4893us qovf=2405034 apu=843us await=3023us aunder=0 aover=0 fps=60 split=c0
[  43.258] [PERF] emu=13326us scale=2538us push=6705us qstall=2848us qovf=2442189 apu=78us await=3025us aunder=0 aover=0 fps=60 split=c0
[  44.260] [PERF] emu=12715us scale=2545us push=8094us qstall=4360us qovf=2482585 apu=604us await=3106us aunder=0 aover=0 fps=60 split=c0
[  45.261] [PERF] emu=11190us scale=2551us push=10368us qstall=6724us qovf=2511912 apu=69us await=5220us aunder=0 aover=0 fps=60 split=c0
[  46.262] [PERF] emu=12550us scale=2553us push=8665us qstall=4990us qovf=2567418 apu=76us await=3800us aunder=0 aover=0 fps=60 split=c0
[  47.264] [PERF] emu=13128us scale=2551us push=7327us qstall=3502us qovf=2604819 apu=711us await=2583us aunder=0 aover=0 fps=60 split=c0
[  48.265] [PERF] emu=12833us scale=2555us push=7665us qstall=3860us qovf=2642033 apu=604us await=2981us aunder=0 aover=0 fps=60 split=c0
[  49.266] [PERF] emu=13282us scale=2553us push=6946us qstall=3169us qovf=2680414 apu=711us await=2421us aunder=0 aover=0 fps=60 split=c0
[  50.268] [PERF] emu=13429us scale=2540us push=6308us qstall=2432us qovf=2708398 apu=78us await=2920us aunder=0 aover=0 fps=60 split=c0
[  51.269] [PERF] emu=12839us scale=2551us push=7253us qstall=3437us qovf=2739845 apu=838us await=2738us aunder=0 aover=0 fps=60 split=c0
[  52.271] [PERF] emu=13586us scale=2543us push=5924us qstall=2067us qovf=2778777 apu=703us await=2128us aunder=0 aover=0 fps=60 split=c0
[  53.272] [PERF] emu=13584us scale=2554us push=6242us qstall=2414us qovf=2796589 apu=1066us await=1747us aunder=0 aover=0 fps=60 split=c0
[  54.273] [PERF] emu=13085us scale=2550us push=7155us qstall=3362us qovf=2832236 apu=80us await=3251us aunder=0 aover=0 fps=60 split=c0
[  55.275] [PERF] emu=12679us scale=2549us push=8166us qstall=4403us qovf=2871374 apu=714us await=3026us aunder=0 aover=0 fps=60 split=c0
[  56.276] [PERF] emu=12910us scale=2545us push=7673us qstall=3870us qovf=2913603 apu=847us await=2656us aunder=0 aover=0 fps=60 split=c0
[  57.277] [PERF] emu=13135us scale=2551us push=7148us qstall=3299us qovf=2950729 apu=715us await=2563us aunder=0 aover=0 fps=60 split=c0
[  58.279] [PERF] emu=13402us scale=2548us push=5968us qstall=2077us qovf=2977487 apu=325us await=2666us aunder=0 aover=0 fps=60 split=c0
[  59.280] [PERF] emu=13107us scale=2552us push=6801us qstall=2987us qovf=3007653 apu=710us await=2610us aunder=0 aover=0 fps=60 split=c0
[  60.281] [PERF] emu=13651us scale=2544us push=4952us qstall=1032us qovf=3036006 apu=1128us await=1621us aunder=0 aover=0 fps=60 split=c0
[  61.283] [PERF] emu=13019us scale=2551us push=7600us qstall=3749us qovf=3068796 apu=841us await=2554us aunder=0 aover=0 fps=60 split=c0
[  62.284] [PERF] emu=13188us scale=2542us push=6884us qstall=3050us qovf=3107555 apu=81us await=3143us aunder=0 aover=0 fps=60 split=c0
[  63.285] [PERF] emu=13052us scale=2551us push=6743us qstall=2874us qovf=3136759 apu=602us await=2764us aunder=0 aover=0 fps=60 split=c0
[  64.286] [PERF] emu=13101us scale=2542us push=6662us qstall=2835us qovf=3165486 apu=851us await=2465us aunder=0 aover=0 fps=60 split=c0
[  65.288] [PERF] emu=13111us scale=2552us push=6654us qstall=2772us qovf=3194703 apu=465us await=2838us aunder=0 aover=0 fps=60 split=c0
[  66.289] [PERF] emu=13368us scale=2550us push=6426us qstall=2503us qovf=3226041 apu=679us await=2362us aunder=0 aover=0 fps=60 split=c0
[  67.290] [PERF] emu=13005us scale=2546us push=7167us qstall=3290us qovf=3259254 apu=851us await=2548us aunder=0 aover=0 fps=60 split=c0
[  68.292] [PERF] emu=11418us scale=2554us push=10348us qstall=6623us qovf=3323165 apu=72us await=4981us aunder=0 aover=0 fps=60 split=c0
[ 101.317] # link dropped: device reports readiness to read but returned no data (device disconnected or multiple access on port?)
# capture end, elapsed 110.3s
